Archive member included to satisfy reference by file (symbol)

/usr/lib/gcc/arm-none-eabi/11.1.0/../../../../arm-none-eabi/lib/thumb/v7e-m+fp/hard/libc.a(lib_a-atexit.o)
                              /usr/lib/gcc/arm-none-eabi/11.1.0/../../../../arm-none-eabi/lib/thumb/v7e-m+fp/hard/crt0.o (atexit)
/usr/lib/gcc/arm-none-eabi/11.1.0/../../../../arm-none-eabi/lib/thumb/v7e-m+fp/hard/libc.a(lib_a-exit.o)
                              /usr/lib/gcc/arm-none-eabi/11.1.0/../../../../arm-none-eabi/lib/thumb/v7e-m+fp/hard/crt0.o (exit)
/usr/lib/gcc/arm-none-eabi/11.1.0/../../../../arm-none-eabi/lib/thumb/v7e-m+fp/hard/libc.a(lib_a-fini.o)
                              /usr/lib/gcc/arm-none-eabi/11.1.0/../../../../arm-none-eabi/lib/thumb/v7e-m+fp/hard/crt0.o (__libc_fini_array)
/usr/lib/gcc/arm-none-eabi/11.1.0/../../../../arm-none-eabi/lib/thumb/v7e-m+fp/hard/libc.a(lib_a-impure.o)
                              /usr/lib/gcc/arm-none-eabi/11.1.0/../../../../arm-none-eabi/lib/thumb/v7e-m+fp/hard/libc.a(lib_a-exit.o) (_global_impure_ptr)
/usr/lib/gcc/arm-none-eabi/11.1.0/../../../../arm-none-eabi/lib/thumb/v7e-m+fp/hard/libc.a(lib_a-init.o)
                              /usr/lib/gcc/arm-none-eabi/11.1.0/../../../../arm-none-eabi/lib/thumb/v7e-m+fp/hard/crt0.o (__libc_init_array)
/usr/lib/gcc/arm-none-eabi/11.1.0/../../../../arm-none-eabi/lib/thumb/v7e-m+fp/hard/libc.a(lib_a-memset.o)
                              /usr/lib/gcc/arm-none-eabi/11.1.0/../../../../arm-none-eabi/lib/thumb/v7e-m+fp/hard/crt0.o (memset)
/usr/lib/gcc/arm-none-eabi/11.1.0/../../../../arm-none-eabi/lib/thumb/v7e-m+fp/hard/libc.a(lib_a-__atexit.o)
                              /usr/lib/gcc/arm-none-eabi/11.1.0/../../../../arm-none-eabi/lib/thumb/v7e-m+fp/hard/libc.a(lib_a-atexit.o) (__register_exitproc)
/usr/lib/gcc/arm-none-eabi/11.1.0/../../../../arm-none-eabi/lib/thumb/v7e-m+fp/hard/libc.a(lib_a-__call_atexit.o)
                              /usr/lib/gcc/arm-none-eabi/11.1.0/../../../../arm-none-eabi/lib/thumb/v7e-m+fp/hard/libc.a(lib_a-exit.o) (__call_exitprocs)
/usr/lib/gcc/arm-none-eabi/11.1.0/../../../../arm-none-eabi/lib/thumb/v7e-m+fp/hard/libc.a(lib_a-lock.o)
                              /usr/lib/gcc/arm-none-eabi/11.1.0/../../../../arm-none-eabi/lib/thumb/v7e-m+fp/hard/libc.a(lib_a-__atexit.o) (__retarget_lock_acquire_recursive)
/usr/lib/gcc/arm-none-eabi/11.1.0/../../../../arm-none-eabi/lib/thumb/v7e-m+fp/hard/libnosys.a(_exit.o)
                              /usr/lib/gcc/arm-none-eabi/11.1.0/../../../../arm-none-eabi/lib/thumb/v7e-m+fp/hard/libc.a(lib_a-exit.o) (_exit)
/usr/lib/gcc/arm-none-eabi/11.1.0/thumb/v7e-m+fp/hard/libgcc.a(_aeabi_uldivmod.o)
                              build/stm32f4xx_hal_rcc.o (__aeabi_uldivmod)
/usr/lib/gcc/arm-none-eabi/11.1.0/thumb/v7e-m+fp/hard/libgcc.a(_udivmoddi4.o)
                              /usr/lib/gcc/arm-none-eabi/11.1.0/thumb/v7e-m+fp/hard/libgcc.a(_aeabi_uldivmod.o) (__udivmoddi4)
/usr/lib/gcc/arm-none-eabi/11.1.0/thumb/v7e-m+fp/hard/libgcc.a(_dvmd_tls.o)
                              /usr/lib/gcc/arm-none-eabi/11.1.0/thumb/v7e-m+fp/hard/libgcc.a(_aeabi_uldivmod.o) (__aeabi_ldiv0)

Discarded input sections

 .text          0x0000000000000000        0x0 /usr/lib/gcc/arm-none-eabi/11.1.0/thumb/v7e-m+fp/hard/crti.o
 .data          0x0000000000000000        0x0 /usr/lib/gcc/arm-none-eabi/11.1.0/thumb/v7e-m+fp/hard/crti.o
 .bss           0x0000000000000000        0x0 /usr/lib/gcc/arm-none-eabi/11.1.0/thumb/v7e-m+fp/hard/crti.o
 .text          0x0000000000000000        0x0 /usr/lib/gcc/arm-none-eabi/11.1.0/thumb/v7e-m+fp/hard/crtbegin.o
 .data          0x0000000000000000        0x0 /usr/lib/gcc/arm-none-eabi/11.1.0/thumb/v7e-m+fp/hard/crtbegin.o
 .bss           0x0000000000000000        0x0 /usr/lib/gcc/arm-none-eabi/11.1.0/thumb/v7e-m+fp/hard/crtbegin.o
 .rodata.all_implied_fbits
                0x0000000000000000       0x24 /usr/lib/gcc/arm-none-eabi/11.1.0/thumb/v7e-m+fp/hard/crtbegin.o
 .data.__dso_handle
                0x0000000000000000        0x4 /usr/lib/gcc/arm-none-eabi/11.1.0/thumb/v7e-m+fp/hard/crtbegin.o
 .text          0x0000000000000000       0x70 /usr/lib/gcc/arm-none-eabi/11.1.0/../../../../arm-none-eabi/lib/thumb/v7e-m+fp/hard/crt0.o
 .data          0x0000000000000000        0x0 /usr/lib/gcc/arm-none-eabi/11.1.0/../../../../arm-none-eabi/lib/thumb/v7e-m+fp/hard/crt0.o
 .bss           0x0000000000000000        0x0 /usr/lib/gcc/arm-none-eabi/11.1.0/../../../../arm-none-eabi/lib/thumb/v7e-m+fp/hard/crt0.o
 .ARM.extab     0x0000000000000000        0x0 /usr/lib/gcc/arm-none-eabi/11.1.0/../../../../arm-none-eabi/lib/thumb/v7e-m+fp/hard/crt0.o
 .ARM.exidx     0x0000000000000000       0x10 /usr/lib/gcc/arm-none-eabi/11.1.0/../../../../arm-none-eabi/lib/thumb/v7e-m+fp/hard/crt0.o
 .ARM.attributes
                0x0000000000000000       0x1c /usr/lib/gcc/arm-none-eabi/11.1.0/../../../../arm-none-eabi/lib/thumb/v7e-m+fp/hard/crt0.o
[...]
Memory Configuration

Name             Origin             Length             Attributes
RAM              0x0000000020000000 0x0000000000020000 xrw
FLASH            0x0000000008000000 0x0000000000080000 xr
*default*        0x0000000000000000 0xffffffffffffffff

Linker script and memory map

LOAD /usr/lib/gcc/arm-none-eabi/11.1.0/thumb/v7e-m+fp/hard/crti.o
LOAD /usr/lib/gcc/arm-none-eabi/11.1.0/thumb/v7e-m+fp/hard/crtbegin.o
LOAD /usr/lib/gcc/arm-none-eabi/11.1.0/../../../../arm-none-eabi/lib/thumb/v7e-m+fp/hard/crt0.o
LOAD build/can.o
LOAD build/gpio.o
LOAD build/main.o
LOAD build/stm32f4xx_hal_msp.o
LOAD build/stm32f4xx_it.o
LOAD build/system_stm32f4xx.o
LOAD build/usart.o
LOAD build/stm32f4xx_hal.o
LOAD build/stm32f4xx_hal_can.o
LOAD build/stm32f4xx_hal_cortex.o
LOAD build/stm32f4xx_hal_dma.o
LOAD build/stm32f4xx_hal_dma_ex.o
LOAD build/stm32f4xx_hal_exti.o
LOAD build/stm32f4xx_hal_flash.o
LOAD build/stm32f4xx_hal_flash_ex.o
LOAD build/stm32f4xx_hal_flash_ramfunc.o
LOAD build/stm32f4xx_hal_gpio.o
LOAD build/stm32f4xx_hal_pwr.o
LOAD build/stm32f4xx_hal_pwr_ex.o
LOAD build/stm32f4xx_hal_rcc.o
LOAD build/stm32f4xx_hal_rcc_ex.o
LOAD build/stm32f4xx_hal_tim.o
LOAD build/stm32f4xx_hal_tim_ex.o
LOAD build/stm32f4xx_hal_uart.o
LOAD build/startup_stm32f446xx.o
LOAD /usr/lib/gcc/arm-none-eabi/11.1.0/../../../../arm-none-eabi/lib/thumb/v7e-m+fp/hard/libc.a
LOAD /usr/lib/gcc/arm-none-eabi/11.1.0/../../../../arm-none-eabi/lib/thumb/v7e-m+fp/hard/libm.a
LOAD /usr/lib/gcc/arm-none-eabi/11.1.0/../../../../arm-none-eabi/lib/thumb/v7e-m+fp/hard/libnosys.a
START GROUP
LOAD /usr/lib/gcc/arm-none-eabi/11.1.0/thumb/v7e-m+fp/hard/libgcc.a
LOAD /usr/lib/gcc/arm-none-eabi/11.1.0/../../../../arm-none-eabi/lib/thumb/v7e-m+fp/hard/libc.a
END GROUP
START GROUP
LOAD /usr/lib/gcc/arm-none-eabi/11.1.0/thumb/v7e-m+fp/hard/libgcc.a
LOAD /usr/lib/gcc/arm-none-eabi/11.1.0/../../../../arm-none-eabi/lib/thumb/v7e-m+fp/hard/libc.a
LOAD /usr/lib/gcc/arm-none-eabi/11.1.0/../../../../arm-none-eabi/lib/thumb/v7e-m+fp/hard/libnosys.a
END GROUP
LOAD /usr/lib/gcc/arm-none-eabi/11.1.0/thumb/v7e-m+fp/hard/crtend.o
LOAD /usr/lib/gcc/arm-none-eabi/11.1.0/thumb/v7e-m+fp/hard/crtn.o
                0x0000000020020000                _estack = 0x20020000
                0x0000000000000200                _Min_Heap_Size = 0x200
                0x0000000000000400                _Min_Stack_Size = 0x400

.isr_vector     0x0000000008000000      0x1c4
                0x0000000008000000                . = ALIGN (0x4)
 *(.isr_vector)
 .isr_vector    0x0000000008000000      0x1c4 build/startup_stm32f446xx.o
                0x0000000008000000                g_pfnVectors
                0x00000000080001c4                . = ALIGN (0x4)

.text           0x00000000080001c4     0x18d4
                0x00000000080001c4                . = ALIGN (0x4)
 *(.text)
 .text          0x00000000080001c4       0x30 /usr/lib/gcc/arm-none-eabi/11.1.0/thumb/v7e-m+fp/hard/libgcc.a(_aeabi_uldivmod.o)
                0x00000000080001c4                __aeabi_uldivmod
 .text          0x00000000080001f4        0x4 /usr/lib/gcc/arm-none-eabi/11.1.0/thumb/v7e-m+fp/hard/libgcc.a(_dvmd_tls.o)
                0x00000000080001f4                __aeabi_ldiv0
                0x00000000080001f4                __aeabi_idiv0
 *(.text*)
 .text.__do_global_dtors_aux
                0x00000000080001f8       0x24 /usr/lib/gcc/arm-none-eabi/11.1.0/thumb/v7e-m+fp/hard/crtbegin.o
 .text.frame_dummy
                0x000000000800021c       0x1c /usr/lib/gcc/arm-none-eabi/11.1.0/thumb/v7e-m+fp/hard/crtbegin.o
 .text.MX_CAN1_Init
                0x0000000008000238       0x40 build/can.o
                0x0000000008000238                MX_CAN1_Init
 .text.HAL_CAN_MspInit
                0x0000000008000278       0xb0 build/can.o
                0x0000000008000278                HAL_CAN_MspInit
 .text.MX_GPIO_Init
                0x0000000008000328       0xac build/gpio.o
                0x0000000008000328                MX_GPIO_Init
 .text.Error_Handler
                0x00000000080003d4        0x4 build/main.o
                0x00000000080003d4                Error_Handler
 .text.SystemClock_Config
                0x00000000080003d8       0xa4 build/main.o
                0x00000000080003d8                SystemClock_Config
 .text.main     0x000000000800047c       0x18 build/main.o
                0x000000000800047c                main
 .text.HAL_MspInit
                0x0000000008000494       0x40 build/stm32f4xx_hal_msp.o
                0x0000000008000494                HAL_MspInit
 .text.NMI_Handler
                0x00000000080004d4        0x2 build/stm32f4xx_it.o
                0x00000000080004d4                NMI_Handler
 .text.HardFault_Handler
                0x00000000080004d6        0x2 build/stm32f4xx_it.o
                0x00000000080004d6                HardFault_Handler
 .text.MemManage_Handler
                0x00000000080004d8        0x2 build/stm32f4xx_it.o
                0x00000000080004d8                MemManage_Handler
 .text.BusFault_Handler
                0x00000000080004da        0x2 build/stm32f4xx_it.o
                0x00000000080004da                BusFault_Handler
 .text.UsageFault_Handler
                0x00000000080004dc        0x2 build/stm32f4xx_it.o
                0x00000000080004dc                UsageFault_Handler
 .text.SVC_Handler
                0x00000000080004de        0x2 build/stm32f4xx_it.o
                0x00000000080004de                SVC_Handler
 .text.DebugMon_Handler
                0x00000000080004e0        0x2 build/stm32f4xx_it.o
                0x00000000080004e0                DebugMon_Handler
 .text.PendSV_Handler
                0x00000000080004e2        0x2 build/stm32f4xx_it.o
                0x00000000080004e2                PendSV_Handler
 .text.SysTick_Handler
                0x00000000080004e4        0x8 build/stm32f4xx_it.o
                0x00000000080004e4                SysTick_Handler
 .text.CAN1_TX_IRQHandler
                0x00000000080004ec       0x10 build/stm32f4xx_it.o
                0x00000000080004ec                CAN1_TX_IRQHandler
 .text.CAN1_RX0_IRQHandler
                0x00000000080004fc       0x10 build/stm32f4xx_it.o
                0x00000000080004fc                CAN1_RX0_IRQHandler
 .text.CAN1_RX1_IRQHandler
                0x000000000800050c       0x10 build/stm32f4xx_it.o
                0x000000000800050c                CAN1_RX1_IRQHandler
 .text.CAN1_SCE_IRQHandler
                0x000000000800051c       0x10 build/stm32f4xx_it.o
                0x000000000800051c                CAN1_SCE_IRQHandler
 .text.SystemInit
                0x000000000800052c       0x14 build/system_stm32f4xx.o
                0x000000000800052c                SystemInit
 .text.MX_USART2_UART_Init
                0x0000000008000540       0x34 build/usart.o
                0x0000000008000540                MX_USART2_UART_Init
 .text.HAL_UART_MspInit
                0x0000000008000574       0x70 build/usart.o
                0x0000000008000574                HAL_UART_MspInit
 .text.HAL_InitTick
                0x00000000080005e4       0x4c build/stm32f4xx_hal.o
                0x00000000080005e4                HAL_InitTick
 .text.HAL_Init
                0x0000000008000630       0x34 build/stm32f4xx_hal.o
                0x0000000008000630                HAL_Init
 .text.HAL_IncTick
                0x0000000008000664       0x18 build/stm32f4xx_hal.o
                0x0000000008000664                HAL_IncTick
 .text.HAL_GetTick
                0x000000000800067c        0xc build/stm32f4xx_hal.o
                0x000000000800067c                HAL_GetTick
 .text.HAL_CAN_Init
                0x0000000008000688      0x14c build/stm32f4xx_hal_can.o
                0x0000000008000688                HAL_CAN_Init
 .text.HAL_CAN_TxMailbox0CompleteCallback
                0x00000000080007d4        0x2 build/stm32f4xx_hal_can.o
                0x00000000080007d4                HAL_CAN_TxMailbox0CompleteCallback
 .text.HAL_CAN_TxMailbox1CompleteCallback
                0x00000000080007d6        0x2 build/stm32f4xx_hal_can.o
                0x00000000080007d6                HAL_CAN_TxMailbox1CompleteCallback
 .text.HAL_CAN_TxMailbox2CompleteCallback
                0x00000000080007d8        0x2 build/stm32f4xx_hal_can.o
                0x00000000080007d8                HAL_CAN_TxMailbox2CompleteCallback
 .text.HAL_CAN_TxMailbox0AbortCallback
                0x00000000080007da        0x2 build/stm32f4xx_hal_can.o
                0x00000000080007da                HAL_CAN_TxMailbox0AbortCallback
 .text.HAL_CAN_TxMailbox1AbortCallback
                0x00000000080007dc        0x2 build/stm32f4xx_hal_can.o
                0x00000000080007dc                HAL_CAN_TxMailbox1AbortCallback
 .text.HAL_CAN_TxMailbox2AbortCallback
                0x00000000080007de        0x2 build/stm32f4xx_hal_can.o
                0x00000000080007de                HAL_CAN_TxMailbox2AbortCallback
 .text.HAL_CAN_RxFifo0MsgPendingCallback
                0x00000000080007e0        0x2 build/stm32f4xx_hal_can.o
                0x00000000080007e0                HAL_CAN_RxFifo0MsgPendingCallback
 .text.HAL_CAN_RxFifo0FullCallback
                0x00000000080007e2        0x2 build/stm32f4xx_hal_can.o
                0x00000000080007e2                HAL_CAN_RxFifo0FullCallback
 .text.HAL_CAN_RxFifo1MsgPendingCallback
                0x00000000080007e4        0x2 build/stm32f4xx_hal_can.o
                0x00000000080007e4                HAL_CAN_RxFifo1MsgPendingCallback
 .text.HAL_CAN_RxFifo1FullCallback
                0x00000000080007e6        0x2 build/stm32f4xx_hal_can.o
                0x00000000080007e6                HAL_CAN_RxFifo1FullCallback
 .text.HAL_CAN_SleepCallback
                0x00000000080007e8        0x2 build/stm32f4xx_hal_can.o
                0x00000000080007e8                HAL_CAN_SleepCallback
 .text.HAL_CAN_WakeUpFromRxMsgCallback
                0x00000000080007ea        0x2 build/stm32f4xx_hal_can.o
                0x00000000080007ea                HAL_CAN_WakeUpFromRxMsgCallback
 .text.HAL_CAN_ErrorCallback
                0x00000000080007ec        0x2 build/stm32f4xx_hal_can.o
                0x00000000080007ec                HAL_CAN_ErrorCallback
 .text.HAL_CAN_IRQHandler
                0x00000000080007ee      0x24a build/stm32f4xx_hal_can.o
                0x00000000080007ee                HAL_CAN_IRQHandler
 .text.HAL_NVIC_SetPriorityGrouping
                0x0000000008000a38       0x24 build/stm32f4xx_hal_cortex.o
                0x0000000008000a38                HAL_NVIC_SetPriorityGrouping
 .text.HAL_NVIC_SetPriority
                0x0000000008000a5c       0x70 build/stm32f4xx_hal_cortex.o
                0x0000000008000a5c                HAL_NVIC_SetPriority
 .text.HAL_NVIC_EnableIRQ
                0x0000000008000acc       0x1c build/stm32f4xx_hal_cortex.o
                0x0000000008000acc                HAL_NVIC_EnableIRQ
 .text.HAL_SYSTICK_Config
                0x0000000008000ae8       0x28 build/stm32f4xx_hal_cortex.o
                0x0000000008000ae8                HAL_SYSTICK_Config
 .text.HAL_GPIO_Init
                0x0000000008000b10      0x1e0 build/stm32f4xx_hal_gpio.o
                0x0000000008000b10                HAL_GPIO_Init
 .text.HAL_GPIO_WritePin
                0x0000000008000cf0        0xc build/stm32f4xx_hal_gpio.o
                0x0000000008000cf0                HAL_GPIO_WritePin
 .text.HAL_RCC_ClockConfig
                0x0000000008000cfc      0x160 build/stm32f4xx_hal_rcc.o
                0x0000000008000cfc                HAL_RCC_ClockConfig
 .text.HAL_RCC_GetHCLKFreq
                0x0000000008000e5c        0xc build/stm32f4xx_hal_rcc.o
                0x0000000008000e5c                HAL_RCC_GetHCLKFreq
 .text.HAL_RCC_GetPCLK1Freq
                0x0000000008000e68       0x20 build/stm32f4xx_hal_rcc.o
                0x0000000008000e68                HAL_RCC_GetPCLK1Freq
 .text.HAL_RCC_GetPCLK2Freq
                0x0000000008000e88       0x20 build/stm32f4xx_hal_rcc.o
                0x0000000008000e88                HAL_RCC_GetPCLK2Freq
 .text.HAL_RCC_GetSysClockFreq
                0x0000000008000ea8      0x190 build/stm32f4xx_hal_rcc_ex.o
                0x0000000008000ea8                HAL_RCC_GetSysClockFreq
 .text.HAL_RCC_OscConfig
                0x0000000008001038      0x444 build/stm32f4xx_hal_rcc_ex.o
                0x0000000008001038                HAL_RCC_OscConfig
 .text.UART_SetConfig
                0x000000000800147c      0x110 build/stm32f4xx_hal_uart.o
 .text.HAL_UART_Init
                0x000000000800158c       0x5e build/stm32f4xx_hal_uart.o
                0x000000000800158c                HAL_UART_Init
 *fill*         0x00000000080015ea        0x2 
 .text.Reset_Handler
                0x00000000080015ec       0x50 build/startup_stm32f446xx.o
                0x00000000080015ec                Reset_Handler
 .text.Default_Handler
                0x000000000800163c        0x2 build/startup_stm32f446xx.o
                0x000000000800163c                RTC_Alarm_IRQHandler
                0x000000000800163c                EXTI2_IRQHandler
                0x000000000800163c                TIM8_CC_IRQHandler
                0x000000000800163c                FMPI2C1_EV_IRQHandler
                0x000000000800163c                SPI4_IRQHandler
                0x000000000800163c                TIM1_CC_IRQHandler
                0x000000000800163c                DMA2_Stream5_IRQHandler
                0x000000000800163c                DMA1_Stream5_IRQHandler
                0x000000000800163c                PVD_IRQHandler
                0x000000000800163c                SDIO_IRQHandler
                0x000000000800163c                TAMP_STAMP_IRQHandler
                0x000000000800163c                CAN2_RX1_IRQHandler
                0x000000000800163c                EXTI3_IRQHandler
                0x000000000800163c                TIM8_TRG_COM_TIM14_IRQHandler
                0x000000000800163c                TIM1_UP_TIM10_IRQHandler
                0x000000000800163c                TIM8_UP_TIM13_IRQHandler
                0x000000000800163c                I2C3_ER_IRQHandler
                0x000000000800163c                EXTI0_IRQHandler
                0x000000000800163c                I2C2_EV_IRQHandler
                0x000000000800163c                DMA1_Stream2_IRQHandler
                0x000000000800163c                FPU_IRQHandler
                0x000000000800163c                OTG_HS_WKUP_IRQHandler
                0x000000000800163c                CAN2_SCE_IRQHandler
                0x000000000800163c                DMA2_Stream2_IRQHandler
                0x000000000800163c                SPI1_IRQHandler
                0x000000000800163c                TIM6_DAC_IRQHandler
                0x000000000800163c                TIM1_BRK_TIM9_IRQHandler
                0x000000000800163c                DCMI_IRQHandler
                0x000000000800163c                CAN2_RX0_IRQHandler
                0x000000000800163c                DMA2_Stream3_IRQHandler
                0x000000000800163c                SAI2_IRQHandler
                0x000000000800163c                USART6_IRQHandler
                0x000000000800163c                USART3_IRQHandler
                0x000000000800163c                UART5_IRQHandler
                0x000000000800163c                DMA2_Stream0_IRQHandler
                0x000000000800163c                TIM4_IRQHandler
                0x000000000800163c                QUADSPI_IRQHandler
                0x000000000800163c                I2C1_EV_IRQHandler
                0x000000000800163c                DMA1_Stream6_IRQHandler
                0x000000000800163c                DMA1_Stream1_IRQHandler
                0x000000000800163c                UART4_IRQHandler
                0x000000000800163c                TIM3_IRQHandler
                0x000000000800163c                RCC_IRQHandler
                0x000000000800163c                TIM8_BRK_TIM12_IRQHandler
                0x000000000800163c                Default_Handler
                0x000000000800163c                CEC_IRQHandler
                0x000000000800163c                EXTI15_10_IRQHandler
                0x000000000800163c                ADC_IRQHandler
                0x000000000800163c                DMA1_Stream7_IRQHandler
                0x000000000800163c                TIM7_IRQHandler
                0x000000000800163c                CAN2_TX_IRQHandler
                0x000000000800163c                TIM5_IRQHandler
                0x000000000800163c                DMA2_Stream7_IRQHandler
                0x000000000800163c                I2C3_EV_IRQHandler
                0x000000000800163c                EXTI9_5_IRQHandler
                0x000000000800163c                RTC_WKUP_IRQHandler
                0x000000000800163c                SPDIF_RX_IRQHandler
                0x000000000800163c                SPI2_IRQHandler
                0x000000000800163c                OTG_HS_EP1_IN_IRQHandler
                0x000000000800163c                DMA1_Stream0_IRQHandler
                0x000000000800163c                FMPI2C1_ER_IRQHandler
                0x000000000800163c                EXTI4_IRQHandler
                0x000000000800163c                OTG_HS_EP1_OUT_IRQHandler
                0x000000000800163c                WWDG_IRQHandler
                0x000000000800163c                TIM2_IRQHandler
                0x000000000800163c                OTG_FS_WKUP_IRQHandler
                0x000000000800163c                TIM1_TRG_COM_TIM11_IRQHandler
                0x000000000800163c                OTG_HS_IRQHandler
                0x000000000800163c                EXTI1_IRQHandler
                0x000000000800163c                USART2_IRQHandler
                0x000000000800163c                I2C2_ER_IRQHandler
                0x000000000800163c                DMA2_Stream1_IRQHandler
                0x000000000800163c                FLASH_IRQHandler
                0x000000000800163c                DMA2_Stream4_IRQHandler
                0x000000000800163c                USART1_IRQHandler
                0x000000000800163c                OTG_FS_IRQHandler
                0x000000000800163c                SPI3_IRQHandler
                0x000000000800163c                DMA1_Stream4_IRQHandler
                0x000000000800163c                I2C1_ER_IRQHandler
                0x000000000800163c                FMC_IRQHandler
                0x000000000800163c                DMA2_Stream6_IRQHandler
                0x000000000800163c                SAI1_IRQHandler
                0x000000000800163c                DMA1_Stream3_IRQHandler
 *fill*         0x000000000800163e        0x2 
 .text.atexit   0x0000000008001640        0xc /usr/lib/gcc/arm-none-eabi/11.1.0/../../../../arm-none-eabi/lib/thumb/v7e-m+fp/hard/libc.a(lib_a-atexit.o)
                0x0000000008001640                atexit
 .text.__libc_fini_array
                0x000000000800164c       0x2c /usr/lib/gcc/arm-none-eabi/11.1.0/../../../../arm-none-eabi/lib/thumb/v7e-m+fp/hard/libc.a(lib_a-fini.o)
                0x000000000800164c                __libc_fini_array
 .text.__libc_init_array
                0x0000000008001678       0x48 /usr/lib/gcc/arm-none-eabi/11.1.0/../../../../arm-none-eabi/lib/thumb/v7e-m+fp/hard/libc.a(lib_a-init.o)
                0x0000000008001678                __libc_init_array
 .text.memset   0x00000000080016c0       0xa4 /usr/lib/gcc/arm-none-eabi/11.1.0/../../../../arm-none-eabi/lib/thumb/v7e-m+fp/hard/libc.a(lib_a-memset.o)
                0x00000000080016c0                memset
 .text.__register_exitproc
                0x0000000008001764       0x84 /usr/lib/gcc/arm-none-eabi/11.1.0/../../../../arm-none-eabi/lib/thumb/v7e-m+fp/hard/libc.a(lib_a-__atexit.o)
                0x0000000008001764                __register_exitproc
 .text.startup.register_fini
                0x00000000080017e8       0x14 /usr/lib/gcc/arm-none-eabi/11.1.0/../../../../arm-none-eabi/lib/thumb/v7e-m+fp/hard/libc.a(lib_a-__call_atexit.o)
 .text.__retarget_lock_acquire_recursive
                0x00000000080017fc        0x4 /usr/lib/gcc/arm-none-eabi/11.1.0/../../../../arm-none-eabi/lib/thumb/v7e-m+fp/hard/libc.a(lib_a-lock.o)
                0x00000000080017fc                __retarget_lock_acquire_recursive
 .text.__retarget_lock_release_recursive
                0x0000000008001800        0x4 /usr/lib/gcc/arm-none-eabi/11.1.0/../../../../arm-none-eabi/lib/thumb/v7e-m+fp/hard/libc.a(lib_a-lock.o)
                0x0000000008001800                __retarget_lock_release_recursive
 .text.__udivmoddi4
                0x0000000008001804      0x27a /usr/lib/gcc/arm-none-eabi/11.1.0/thumb/v7e-m+fp/hard/libgcc.a(_udivmoddi4.o)
                0x0000000008001804                __udivmoddi4
 *(.glue_7)
 .glue_7        0x0000000008001a7e        0x0 linker stubs
 *(.glue_7t)
 .glue_7t       0x0000000008001a7e        0x0 linker stubs
 *(.eh_frame)
 *fill*         0x0000000008001a7e        0x2 
 .eh_frame      0x0000000008001a80        0x0 /usr/lib/gcc/arm-none-eabi/11.1.0/thumb/v7e-m+fp/hard/crtbegin.o
 *(.init)
 .init          0x0000000008001a80        0x4 /usr/lib/gcc/arm-none-eabi/11.1.0/thumb/v7e-m+fp/hard/crti.o
                0x0000000008001a80                _init
 .init          0x0000000008001a84        0x8 /usr/lib/gcc/arm-none-eabi/11.1.0/thumb/v7e-m+fp/hard/crtn.o
 *(.fini)
 .fini          0x0000000008001a8c        0x4 /usr/lib/gcc/arm-none-eabi/11.1.0/thumb/v7e-m+fp/hard/crti.o
                0x0000000008001a8c                _fini
 .fini          0x0000000008001a90        0x8 /usr/lib/gcc/arm-none-eabi/11.1.0/thumb/v7e-m+fp/hard/crtn.o
                0x0000000008001a98                . = ALIGN (0x4)
                0x0000000008001a98                _etext = .

.vfp11_veneer   0x0000000008001a98        0x0
 .vfp11_veneer  0x0000000008001a98        0x0 linker stubs

.v4_bx          0x0000000008001a98        0x0
 .v4_bx         0x0000000008001a98        0x0 linker stubs

.iplt           0x0000000008001a98        0x0
 .iplt          0x0000000008001a98        0x0 /usr/lib/gcc/arm-none-eabi/11.1.0/thumb/v7e-m+fp/hard/crtbegin.o

.rodata         0x0000000008001a98       0x1c
                0x0000000008001a98                . = ALIGN (0x4)
 *(.rodata)
 *(.rodata*)
 .rodata.AHBPrescTable
                0x0000000008001a98       0x10 build/system_stm32f4xx.o
                0x0000000008001a98                AHBPrescTable
 .rodata.APBPrescTable
                0x0000000008001aa8        0x8 build/system_stm32f4xx.o
                0x0000000008001aa8                APBPrescTable
 .rodata._global_impure_ptr
                0x0000000008001ab0        0x4 /usr/lib/gcc/arm-none-eabi/11.1.0/../../../../arm-none-eabi/lib/thumb/v7e-m+fp/hard/libc.a(lib_a-impure.o)
                0x0000000008001ab0                _global_impure_ptr
                0x0000000008001ab4                . = ALIGN (0x4)

.ARM.extab
 *(.ARM.extab* .gnu.linkonce.armextab.*)

.ARM            0x0000000008001ab4        0x8
                0x0000000008001ab4                __exidx_start = .
 *(.ARM.exidx*)
 .ARM.exidx.text.__udivmoddi4
                0x0000000008001ab4        0x8 /usr/lib/gcc/arm-none-eabi/11.1.0/thumb/v7e-m+fp/hard/libgcc.a(_udivmoddi4.o)
                0x0000000008001abc                __exidx_end = .

.rel.dyn        0x0000000008001abc        0x0
 .rel.iplt      0x0000000008001abc        0x0 /usr/lib/gcc/arm-none-eabi/11.1.0/thumb/v7e-m+fp/hard/crtbegin.o

.preinit_array  0x0000000008001abc        0x0
                0x0000000008001abc                PROVIDE (__preinit_array_start = .)
 *(.preinit_array*)
                0x0000000008001abc                PROVIDE (__preinit_array_end = .)

.init_array     0x0000000008001abc        0x8
                0x0000000008001abc                PROVIDE (__init_array_start = .)
 *(SORT_BY_NAME(.init_array.*))
 .init_array.00000
                0x0000000008001abc        0x4 /usr/lib/gcc/arm-none-eabi/11.1.0/../../../../arm-none-eabi/lib/thumb/v7e-m+fp/hard/libc.a(lib_a-__call_atexit.o)
 *(.init_array*)
 .init_array    0x0000000008001ac0        0x4 /usr/lib/gcc/arm-none-eabi/11.1.0/thumb/v7e-m+fp/hard/crtbegin.o
                0x0000000008001ac4                PROVIDE (__init_array_end = .)

.fini_array     0x0000000008001ac4        0x4
                0x0000000008001ac4                PROVIDE (__fini_array_start = .)
 *(SORT_BY_NAME(.fini_array.*))
 *(.fini_array*)
 .fini_array    0x0000000008001ac4        0x4 /usr/lib/gcc/arm-none-eabi/11.1.0/thumb/v7e-m+fp/hard/crtbegin.o
                0x0000000008001ac8                PROVIDE (__fini_array_end = .)
                0x0000000008001ac8                _sidata = LOADADDR (.data)

.data           0x0000000020000000      0x43c load address 0x0000000008001ac8
                0x0000000020000000                . = ALIGN (0x4)
                0x0000000020000000                _sdata = .
 *(.data)
 *(.data*)
 .data.SystemCoreClock
                0x0000000020000000        0x4 build/system_stm32f4xx.o
                0x0000000020000000                SystemCoreClock
 .data.uwTickFreq
                0x0000000020000004        0x1 build/stm32f4xx_hal.o
                0x0000000020000004                uwTickFreq
 *fill*         0x0000000020000005        0x3 
 .data.uwTickPrio
                0x0000000020000008        0x4 build/stm32f4xx_hal.o
                0x0000000020000008                uwTickPrio
 *fill*         0x000000002000000c        0x4 
 .data.impure_data
                0x0000000020000010      0x428 /usr/lib/gcc/arm-none-eabi/11.1.0/../../../../arm-none-eabi/lib/thumb/v7e-m+fp/hard/libc.a(lib_a-impure.o)
 .data.__atexit_recursive_mutex
                0x0000000020000438        0x4 /usr/lib/gcc/arm-none-eabi/11.1.0/../../../../arm-none-eabi/lib/thumb/v7e-m+fp/hard/libc.a(lib_a-__call_atexit.o)
                0x0000000020000438                __atexit_recursive_mutex
                0x000000002000043c                . = ALIGN (0x4)
                0x000000002000043c                _edata = .

.igot.plt       0x000000002000043c        0x0 load address 0x0000000008001f04
 .igot.plt      0x000000002000043c        0x0 /usr/lib/gcc/arm-none-eabi/11.1.0/thumb/v7e-m+fp/hard/crtbegin.o
                0x000000002000043c                . = ALIGN (0x4)

.bss            0x000000002000043c       0x90 load address 0x0000000008001f04
                0x000000002000043c                _sbss = .
                0x000000002000043c                __bss_start__ = _sbss
 *(.bss)
 *(.bss*)
 .bss.completed.1
                0x000000002000043c        0x1 /usr/lib/gcc/arm-none-eabi/11.1.0/thumb/v7e-m+fp/hard/crtbegin.o
 *fill*         0x000000002000043d        0x3 
 .bss.object.0  0x0000000020000440       0x18 /usr/lib/gcc/arm-none-eabi/11.1.0/thumb/v7e-m+fp/hard/crtbegin.o
 .bss.hcan1     0x0000000020000458       0x28 build/can.o
                0x0000000020000458                hcan1
 .bss.huart2    0x0000000020000480       0x44 build/usart.o
                0x0000000020000480                huart2
 .bss.uwTick    0x00000000200004c4        0x4 build/stm32f4xx_hal.o
                0x00000000200004c4                uwTick
 .bss.__lock___atexit_recursive_mutex
                0x00000000200004c8        0x1 /usr/lib/gcc/arm-none-eabi/11.1.0/../../../../arm-none-eabi/lib/thumb/v7e-m+fp/hard/libc.a(lib_a-lock.o)
                0x00000000200004c8                __lock___atexit_recursive_mutex
 *(COMMON)
                0x00000000200004cc                . = ALIGN (0x4)
 *fill*         0x00000000200004c9        0x3 
                0x00000000200004cc                _ebss = .
                0x00000000200004cc                __bss_end__ = _ebss

._user_heap_stack
                0x00000000200004cc      0x604 load address 0x0000000008001f04
                0x00000000200004d0                . = ALIGN (0x8)
 *fill*         0x00000000200004cc        0x4 
                [!provide]                        PROVIDE (end = .)
                [!provide]                        PROVIDE (_end = .)
                0x00000000200006d0                . = (. + _Min_Heap_Size)
 *fill*         0x00000000200004d0      0x200 
                0x0000000020000ad0                . = (. + _Min_Stack_Size)
 *fill*         0x00000000200006d0      0x400 
                0x0000000020000ad0                . = ALIGN (0x8)

/DISCARD/
 libc.a(*)
 libm.a(*)
 libgcc.a(*)

.ARM.attributes
                0x0000000000000000       0x30
 *(.ARM.attributes)
 .ARM.attributes
                0x0000000000000000       0x1e /usr/lib/gcc/arm-none-eabi/11.1.0/thumb/v7e-m+fp/hard/crti.o
 .ARM.attributes
                0x000000000000001e       0x34 /usr/lib/gcc/arm-none-eabi/11.1.0/thumb/v7e-m+fp/hard/crtbegin.o
 .ARM.attributes
                0x0000000000000052       0x34 build/can.o
 .ARM.attributes
                0x0000000000000086       0x34 build/gpio.o
 .ARM.attributes
                0x00000000000000ba       0x34 build/main.o
 .ARM.attributes
                0x00000000000000ee       0x34 build/stm32f4xx_hal_msp.o
 .ARM.attributes
                0x0000000000000122       0x34 build/stm32f4xx_it.o
 .ARM.attributes
                0x0000000000000156       0x34 build/system_stm32f4xx.o
 .ARM.attributes
                0x000000000000018a       0x34 build/usart.o
 .ARM.attributes
                0x00000000000001be       0x34 build/stm32f4xx_hal.o
 .ARM.attributes
                0x00000000000001f2       0x34 build/stm32f4xx_hal_can.o
 .ARM.attributes
                0x0000000000000226       0x34 build/stm32f4xx_hal_cortex.o
 .ARM.attributes
                0x000000000000025a       0x34 build/stm32f4xx_hal_gpio.o
 .ARM.attributes
                0x000000000000028e       0x34 build/stm32f4xx_hal_rcc.o
 .ARM.attributes
                0x00000000000002c2       0x34 build/stm32f4xx_hal_rcc_ex.o
 .ARM.attributes
                0x00000000000002f6       0x34 build/stm32f4xx_hal_uart.o
 .ARM.attributes
                0x000000000000032a       0x21 build/startup_stm32f446xx.o
 .ARM.attributes
                0x000000000000034b       0x34 /usr/lib/gcc/arm-none-eabi/11.1.0/../../../../arm-none-eabi/lib/thumb/v7e-m+fp/hard/libc.a(lib_a-atexit.o)
 .ARM.attributes
                0x000000000000037f       0x34 /usr/lib/gcc/arm-none-eabi/11.1.0/../../../../arm-none-eabi/lib/thumb/v7e-m+fp/hard/libc.a(lib_a-fini.o)
 .ARM.attributes
                0x00000000000003b3       0x32 /usr/lib/gcc/arm-none-eabi/11.1.0/../../../../arm-none-eabi/lib/thumb/v7e-m+fp/hard/libc.a(lib_a-impure.o)
 .ARM.attributes
                0x00000000000003e5       0x34 /usr/lib/gcc/arm-none-eabi/11.1.0/../../../../arm-none-eabi/lib/thumb/v7e-m+fp/hard/libc.a(lib_a-init.o)
 .ARM.attributes
                0x0000000000000419       0x34 /usr/lib/gcc/arm-none-eabi/11.1.0/../../../../arm-none-eabi/lib/thumb/v7e-m+fp/hard/libc.a(lib_a-memset.o)
 .ARM.attributes
                0x000000000000044d       0x34 /usr/lib/gcc/arm-none-eabi/11.1.0/../../../../arm-none-eabi/lib/thumb/v7e-m+fp/hard/libc.a(lib_a-__atexit.o)
 .ARM.attributes
                0x0000000000000481       0x34 /usr/lib/gcc/arm-none-eabi/11.1.0/../../../../arm-none-eabi/lib/thumb/v7e-m+fp/hard/libc.a(lib_a-__call_atexit.o)
 .ARM.attributes
                0x00000000000004b5       0x34 /usr/lib/gcc/arm-none-eabi/11.1.0/../../../../arm-none-eabi/lib/thumb/v7e-m+fp/hard/libc.a(lib_a-lock.o)
 .ARM.attributes
                0x00000000000004e9       0x1e /usr/lib/gcc/arm-none-eabi/11.1.0/thumb/v7e-m+fp/hard/libgcc.a(_aeabi_uldivmod.o)
 .ARM.attributes
                0x0000000000000507       0x34 /usr/lib/gcc/arm-none-eabi/11.1.0/thumb/v7e-m+fp/hard/libgcc.a(_udivmoddi4.o)
 .ARM.attributes
                0x000000000000053b       0x1e /usr/lib/gcc/arm-none-eabi/11.1.0/thumb/v7e-m+fp/hard/libgcc.a(_dvmd_tls.o)
 .ARM.attributes
                0x0000000000000559       0x1e /usr/lib/gcc/arm-none-eabi/11.1.0/thumb/v7e-m+fp/hard/crtn.o
OUTPUT(build/nucelo-f4-can-bench.elf elf32-littlearm)
LOAD linker stubs
LOAD /usr/lib/gcc/arm-none-eabi/11.1.0/../../../../arm-none-eabi/lib/thumb/v7e-m+fp/hard/libc.a
LOAD /usr/lib/gcc/arm-none-eabi/11.1.0/../../../../arm-none-eabi/lib/thumb/v7e-m+fp/hard/libm.a
LOAD /usr/lib/gcc/arm-none-eabi/11.1.0/thumb/v7e-m+fp/hard/libgcc.a

.debug_info     0x0000000000000000     0xae5a
 .debug_info    0x0000000000000000      0xdf1 build/can.o
 .debug_info    0x0000000000000df1      0x571 build/gpio.o
 .debug_info    0x0000000000001362      0x6a1 build/main.o
 .debug_info    0x0000000000001a03      0x358 build/stm32f4xx_hal_msp.o
 .debug_info    0x0000000000001d5b      0x670 build/stm32f4xx_it.o
 .debug_info    0x00000000000023cb      0x5f7 build/system_stm32f4xx.o
 .debug_info    0x00000000000029c2      0xb2b build/usart.o
 .debug_info    0x00000000000034ed      0xb5c build/stm32f4xx_hal.o
 .debug_info    0x0000000000004049     0x138a build/stm32f4xx_hal_can.o
 .debug_info    0x00000000000053d3     0x1198 build/stm32f4xx_hal_cortex.o
 .debug_info    0x000000000000656b      0x8ac build/stm32f4xx_hal_gpio.o
 .debug_info    0x0000000000006e17      0xc5d build/stm32f4xx_hal_rcc.o
 .debug_info    0x0000000000007a74      0xdd1 build/stm32f4xx_hal_rcc_ex.o
 .debug_info    0x0000000000008845     0x1ec7 build/stm32f4xx_hal_uart.o
 .debug_info    0x000000000000a70c       0x22 build/startup_stm32f446xx.o
 .debug_info    0x000000000000a72e       0x24 /usr/lib/gcc/arm-none-eabi/11.1.0/thumb/v7e-m+fp/hard/libgcc.a(_aeabi_uldivmod.o)
 .debug_info    0x000000000000a752      0x6e4 /usr/lib/gcc/arm-none-eabi/11.1.0/thumb/v7e-m+fp/hard/libgcc.a(_udivmoddi4.o)
 .debug_info    0x000000000000ae36       0x24 /usr/lib/gcc/arm-none-eabi/11.1.0/thumb/v7e-m+fp/hard/libgcc.a(_dvmd_tls.o)

.debug_abbrev   0x0000000000000000     0x1f59
 .debug_abbrev  0x0000000000000000      0x225 build/can.o
 .debug_abbrev  0x0000000000000225      0x160 build/gpio.o
 .debug_abbrev  0x0000000000000385      0x1ff build/main.o
 .debug_abbrev  0x0000000000000584       0xfd build/stm32f4xx_hal_msp.o
 .debug_abbrev  0x0000000000000681      0x17e build/stm32f4xx_it.o
 .debug_abbrev  0x00000000000007ff      0x11b build/system_stm32f4xx.o
 .debug_abbrev  0x000000000000091a      0x208 build/usart.o
 .debug_abbrev  0x0000000000000b22      0x244 build/stm32f4xx_hal.o
 .debug_abbrev  0x0000000000000d66      0x281 build/stm32f4xx_hal_can.o
 .debug_abbrev  0x0000000000000fe7      0x371 build/stm32f4xx_hal_cortex.o
 .debug_abbrev  0x0000000000001358      0x22b build/stm32f4xx_hal_gpio.o
 .debug_abbrev  0x0000000000001583      0x2de build/stm32f4xx_hal_rcc.o
 .debug_abbrev  0x0000000000001861      0x25f build/stm32f4xx_hal_rcc_ex.o
 .debug_abbrev  0x0000000000001ac0      0x2e6 build/stm32f4xx_hal_uart.o
 .debug_abbrev  0x0000000000001da6       0x12 build/startup_stm32f446xx.o
 .debug_abbrev  0x0000000000001db8       0x14 /usr/lib/gcc/arm-none-eabi/11.1.0/thumb/v7e-m+fp/hard/libgcc.a(_aeabi_uldivmod.o)
 .debug_abbrev  0x0000000000001dcc      0x179 /usr/lib/gcc/arm-none-eabi/11.1.0/thumb/v7e-m+fp/hard/libgcc.a(_udivmoddi4.o)
 .debug_abbrev  0x0000000000001f45       0x14 /usr/lib/gcc/arm-none-eabi/11.1.0/thumb/v7e-m+fp/hard/libgcc.a(_dvmd_tls.o)

.debug_loc      0x0000000000000000     0x60a6
 .debug_loc     0x0000000000000000      0x108 build/can.o
 .debug_loc     0x0000000000000108       0x38 build/gpio.o
 .debug_loc     0x0000000000000140       0x66 build/main.o
 .debug_loc     0x00000000000001a6       0x38 build/stm32f4xx_hal_msp.o
 .debug_loc     0x00000000000001de       0xa0 build/stm32f4xx_it.o
 .debug_loc     0x000000000000027e      0x158 build/system_stm32f4xx.o
 .debug_loc     0x00000000000003d6      0x108 build/usart.o
 .debug_loc     0x00000000000004de      0x1e1 build/stm32f4xx_hal.o
 .debug_loc     0x00000000000006bf      0xee7 build/stm32f4xx_hal_can.o
 .debug_loc     0x00000000000015a6      0x831 build/stm32f4xx_hal_cortex.o
 .debug_loc     0x0000000000001dd7      0x5db build/stm32f4xx_hal_gpio.o
 .debug_loc     0x00000000000023b2      0x6e4 build/stm32f4xx_hal_rcc.o
 .debug_loc     0x0000000000002a96     0x100b build/stm32f4xx_hal_rcc_ex.o
 .debug_loc     0x0000000000003aa1     0x2605 build/stm32f4xx_hal_uart.o

.debug_aranges  0x0000000000000000      0x828
 .debug_aranges
                0x0000000000000000       0x30 build/can.o
 .debug_aranges
                0x0000000000000030       0x20 build/gpio.o
 .debug_aranges
                0x0000000000000050       0x30 build/main.o
 .debug_aranges
                0x0000000000000080       0x20 build/stm32f4xx_hal_msp.o
 .debug_aranges
                0x00000000000000a0       0x80 build/stm32f4xx_it.o
 .debug_aranges
                0x0000000000000120       0x28 build/system_stm32f4xx.o
 .debug_aranges
                0x0000000000000148       0x30 build/usart.o
 .debug_aranges
                0x0000000000000178       0xf0 build/stm32f4xx_hal.o
 .debug_aranges
                0x0000000000000268      0x138 build/stm32f4xx_hal_can.o
 .debug_aranges
                0x00000000000003a0       0xa8 build/stm32f4xx_hal_cortex.o
 .debug_aranges
                0x0000000000000448       0x58 build/stm32f4xx_hal_gpio.o
 .debug_aranges
                0x00000000000004a0       0x88 build/stm32f4xx_hal_rcc.o
 .debug_aranges
                0x0000000000000528       0x78 build/stm32f4xx_hal_rcc_ex.o
 .debug_aranges
                0x00000000000005a0      0x200 build/stm32f4xx_hal_uart.o
 .debug_aranges
                0x00000000000007a0       0x28 build/startup_stm32f446xx.o
 .debug_aranges
                0x00000000000007c8       0x20 /usr/lib/gcc/arm-none-eabi/11.1.0/thumb/v7e-m+fp/hard/libgcc.a(_aeabi_uldivmod.o)
 .debug_aranges
                0x00000000000007e8       0x20 /usr/lib/gcc/arm-none-eabi/11.1.0/thumb/v7e-m+fp/hard/libgcc.a(_udivmoddi4.o)
 .debug_aranges
                0x0000000000000808       0x20 /usr/lib/gcc/arm-none-eabi/11.1.0/thumb/v7e-m+fp/hard/libgcc.a(_dvmd_tls.o)

.debug_ranges   0x0000000000000000      0x770
 .debug_ranges  0x0000000000000000       0x20 build/can.o
 .debug_ranges  0x0000000000000020       0x10 build/gpio.o
 .debug_ranges  0x0000000000000030       0x20 build/main.o
 .debug_ranges  0x0000000000000050       0x10 build/stm32f4xx_hal_msp.o
 .debug_ranges  0x0000000000000060       0x70 build/stm32f4xx_it.o
 .debug_ranges  0x00000000000000d0       0x18 build/system_stm32f4xx.o
 .debug_ranges  0x00000000000000e8       0x20 build/usart.o
 .debug_ranges  0x0000000000000108       0xe0 build/stm32f4xx_hal.o
 .debug_ranges  0x00000000000001e8      0x128 build/stm32f4xx_hal_can.o
 .debug_ranges  0x0000000000000310       0xf8 build/stm32f4xx_hal_cortex.o
 .debug_ranges  0x0000000000000408       0x48 build/stm32f4xx_hal_gpio.o
 .debug_ranges  0x0000000000000450       0x90 build/stm32f4xx_hal_rcc.o
 .debug_ranges  0x00000000000004e0       0x80 build/stm32f4xx_hal_rcc_ex.o
 .debug_ranges  0x0000000000000560      0x1f0 build/stm32f4xx_hal_uart.o
 .debug_ranges  0x0000000000000750       0x20 build/startup_stm32f446xx.o

.debug_line     0x0000000000000000     0x7669
 .debug_line    0x0000000000000000      0x2a2 build/can.o
 .debug_line    0x00000000000002a2      0x179 build/gpio.o
 .debug_line    0x000000000000041b      0x2c9 build/main.o
 .debug_line    0x00000000000006e4      0x13b build/stm32f4xx_hal_msp.o
 .debug_line    0x000000000000081f      0x29f build/stm32f4xx_it.o
 .debug_line    0x0000000000000abe      0x1f4 build/system_stm32f4xx.o
 .debug_line    0x0000000000000cb2      0x269 build/usart.o
 .debug_line    0x0000000000000f1b      0x509 build/stm32f4xx_hal.o
 .debug_line    0x0000000000001424     0x107b build/stm32f4xx_hal_can.o
 .debug_line    0x000000000000249f      0x71b build/stm32f4xx_hal_cortex.o
 .debug_line    0x0000000000002bba      0x644 build/stm32f4xx_hal_gpio.o
 .debug_line    0x00000000000031fe      0xab3 build/stm32f4xx_hal_rcc.o
 .debug_line    0x0000000000003cb1     0x132b build/stm32f4xx_hal_rcc_ex.o
 .debug_line    0x0000000000004fdc     0x205d build/stm32f4xx_hal_uart.o
 .debug_line    0x0000000000007039       0x76 build/startup_stm32f446xx.o
 .debug_line    0x00000000000070af       0x4e /usr/lib/gcc/arm-none-eabi/11.1.0/thumb/v7e-m+fp/hard/libgcc.a(_aeabi_uldivmod.o)
 .debug_line    0x00000000000070fd      0x522 /usr/lib/gcc/arm-none-eabi/11.1.0/thumb/v7e-m+fp/hard/libgcc.a(_udivmoddi4.o)
 .debug_line    0x000000000000761f       0x4a /usr/lib/gcc/arm-none-eabi/11.1.0/thumb/v7e-m+fp/hard/libgcc.a(_dvmd_tls.o)

.debug_str      0x0000000000000000     0x3231
 .debug_str     0x0000000000000000      0xb1a build/can.o
                                        0xbb3 (size before relaxing)
 .debug_str     0x0000000000000b1a       0x59 build/gpio.o
                                        0x376 (size before relaxing)
 .debug_str     0x0000000000000b73      0x1a4 build/main.o
                                        0x4b0 (size before relaxing)
 .debug_str     0x0000000000000d17       0x46 build/stm32f4xx_hal_msp.o
                                        0x2d4 (size before relaxing)
 .debug_str     0x0000000000000d5d      0x116 build/stm32f4xx_it.o
                                        0x51c (size before relaxing)
 .debug_str     0x0000000000000e73       0xd8 build/system_stm32f4xx.o
                                        0x371 (size before relaxing)
 .debug_str     0x0000000000000f4b      0x425 build/usart.o
                                        0x80a (size before relaxing)
 .debug_str     0x0000000000001370      0x320 build/stm32f4xx_hal.o
                                        0xba1 (size before relaxing)
 .debug_str     0x0000000000001690      0x554 build/stm32f4xx_hal_can.o
                                        0xa22 (size before relaxing)
 .debug_str     0x0000000000001be4      0x42a build/stm32f4xx_hal_cortex.o
                                        0xc44 (size before relaxing)
 .debug_str     0x000000000000200e      0x117 build/stm32f4xx_hal_gpio.o
                                        0x4dc (size before relaxing)
 .debug_str     0x0000000000002125      0x1a1 build/stm32f4xx_hal_rcc.o
                                        0x707 (size before relaxing)
 .debug_str     0x00000000000022c6      0x344 build/stm32f4xx_hal_rcc_ex.o
                                        0x7ee (size before relaxing)
 .debug_str     0x000000000000260a      0x634 build/stm32f4xx_hal_uart.o
                                        0xd0c (size before relaxing)
 .debug_str     0x0000000000002c3e       0x24 build/startup_stm32f446xx.o
                                         0x54 (size before relaxing)
 .debug_str     0x0000000000002c62       0x58 /usr/lib/gcc/arm-none-eabi/11.1.0/thumb/v7e-m+fp/hard/libgcc.a(_aeabi_uldivmod.o)
                                         0x66 (size before relaxing)
 .debug_str     0x0000000000002cba      0x56b /usr/lib/gcc/arm-none-eabi/11.1.0/thumb/v7e-m+fp/hard/libgcc.a(_udivmoddi4.o)
                                        0x66b (size before relaxing)
 .debug_str     0x0000000000003225        0xc /usr/lib/gcc/arm-none-eabi/11.1.0/thumb/v7e-m+fp/hard/libgcc.a(_dvmd_tls.o)
                                         0x6a (size before relaxing)

.comment        0x0000000000000000       0x1e
 .comment       0x0000000000000000       0x1e build/can.o
                                         0x1f (size before relaxing)
 .comment       0x000000000000001e       0x1f build/gpio.o
 .comment       0x000000000000001e       0x1f build/main.o
 .comment       0x000000000000001e       0x1f build/stm32f4xx_hal_msp.o
 .comment       0x000000000000001e       0x1f build/stm32f4xx_it.o
 .comment       0x000000000000001e       0x1f build/system_stm32f4xx.o
 .comment       0x000000000000001e       0x1f build/usart.o
 .comment       0x000000000000001e       0x1f build/stm32f4xx_hal.o
 .comment       0x000000000000001e       0x1f build/stm32f4xx_hal_can.o
 .comment       0x000000000000001e       0x1f build/stm32f4xx_hal_cortex.o
 .comment       0x000000000000001e       0x1f build/stm32f4xx_hal_gpio.o
 .comment       0x000000000000001e       0x1f build/stm32f4xx_hal_rcc.o
 .comment       0x000000000000001e       0x1f build/stm32f4xx_hal_rcc_ex.o
 .comment       0x000000000000001e       0x1f build/stm32f4xx_hal_uart.o
 .comment       0x000000000000001e       0x1f /usr/lib/gcc/arm-none-eabi/11.1.0/thumb/v7e-m+fp/hard/libgcc.a(_udivmoddi4.o)

.debug_frame    0x0000000000000000     0x1460
 .debug_frame   0x0000000000000000       0x60 build/can.o
 .debug_frame   0x0000000000000060       0x30 build/gpio.o
 .debug_frame   0x0000000000000090       0x58 build/main.o
 .debug_frame   0x00000000000000e8       0x2c build/stm32f4xx_hal_msp.o
 .debug_frame   0x0000000000000114      0x108 build/stm32f4xx_it.o
 .debug_frame   0x000000000000021c       0x30 build/system_stm32f4xx.o
 .debug_frame   0x000000000000024c       0x60 build/usart.o
 .debug_frame   0x00000000000002ac      0x1ec build/stm32f4xx_hal.o
 .debug_frame   0x0000000000000498      0x2d8 build/stm32f4xx_hal_can.o
 .debug_frame   0x0000000000000770      0x148 build/stm32f4xx_hal_cortex.o
 .debug_frame   0x00000000000008b8       0xd8 build/stm32f4xx_hal_gpio.o
 .debug_frame   0x0000000000000990      0x16c build/stm32f4xx_hal_rcc.o
 .debug_frame   0x0000000000000afc      0x14c build/stm32f4xx_hal_rcc_ex.o
 .debug_frame   0x0000000000000c48      0x5c0 build/stm32f4xx_hal_uart.o
 .debug_frame   0x0000000000001208       0x20 /usr/lib/gcc/arm-none-eabi/11.1.0/../../../../arm-none-eabi/lib/thumb/v7e-m+fp/hard/libc.a(lib_a-atexit.o)
 .debug_frame   0x0000000000001228       0x34 /usr/lib/gcc/arm-none-eabi/11.1.0/../../../../arm-none-eabi/lib/thumb/v7e-m+fp/hard/libc.a(lib_a-fini.o)
 .debug_frame   0x000000000000125c       0x2c /usr/lib/gcc/arm-none-eabi/11.1.0/../../../../arm-none-eabi/lib/thumb/v7e-m+fp/hard/libc.a(lib_a-init.o)
 .debug_frame   0x0000000000001288       0x2c /usr/lib/gcc/arm-none-eabi/11.1.0/../../../../arm-none-eabi/lib/thumb/v7e-m+fp/hard/libc.a(lib_a-memset.o)
 .debug_frame   0x00000000000012b4       0x34 /usr/lib/gcc/arm-none-eabi/11.1.0/../../../../arm-none-eabi/lib/thumb/v7e-m+fp/hard/libc.a(lib_a-__atexit.o)
 .debug_frame   0x00000000000012e8       0x68 /usr/lib/gcc/arm-none-eabi/11.1.0/../../../../arm-none-eabi/lib/thumb/v7e-m+fp/hard/libc.a(lib_a-__call_atexit.o)
 .debug_frame   0x0000000000001350       0xb0 /usr/lib/gcc/arm-none-eabi/11.1.0/../../../../arm-none-eabi/lib/thumb/v7e-m+fp/hard/libc.a(lib_a-lock.o)
 .debug_frame   0x0000000000001400       0x2c /usr/lib/gcc/arm-none-eabi/11.1.0/thumb/v7e-m+fp/hard/libgcc.a(_aeabi_uldivmod.o)
 .debug_frame   0x000000000000142c       0x34 /usr/lib/gcc/arm-none-eabi/11.1.0/thumb/v7e-m+fp/hard/libgcc.a(_udivmoddi4.o)

.debug_line_str
                0x0000000000000000       0x4e
 .debug_line_str
                0x0000000000000000       0x42 /usr/lib/gcc/arm-none-eabi/11.1.0/thumb/v7e-m+fp/hard/libgcc.a(_aeabi_uldivmod.o)
                                         0x84 (size before relaxing)
 .debug_line_str
                0x0000000000000042        0xc /usr/lib/gcc/arm-none-eabi/11.1.0/thumb/v7e-m+fp/hard/libgcc.a(_dvmd_tls.o)
                                         0x8c (size before relaxing)

.debug_loclists
                0x0000000000000000      0x81d
 .debug_loclists
                0x0000000000000000      0x81d /usr/lib/gcc/arm-none-eabi/11.1.0/thumb/v7e-m+fp/hard/libgcc.a(_udivmoddi4.o)

.debug_rnglists
                0x0000000000000000       0x71
 .debug_rnglists
                0x0000000000000000       0x71 /usr/lib/gcc/arm-none-eabi/11.1.0/thumb/v7e-m+fp/hard/libgcc.a(_udivmoddi4.o)

Cross Reference Table

Symbol                                            File
ADC_IRQHandler                                    build/startup_stm32f446xx.o
AHBPrescTable                                     build/system_stm32f4xx.o
                                                  build/stm32f4xx_hal_rcc.o
APBPrescTable                                     build/system_stm32f4xx.o
                                                  build/stm32f4xx_hal_rcc.o
BusFault_Handler                                  build/stm32f4xx_it.o
CAN1_RX0_IRQHandler                               build/stm32f4xx_it.o
CAN1_RX1_IRQHandler                               build/stm32f4xx_it.o
CAN1_SCE_IRQHandler                               build/stm32f4xx_it.o
CAN1_TX_IRQHandler                                build/stm32f4xx_it.o
CAN2_RX0_IRQHandler                               build/startup_stm32f446xx.o
CAN2_RX1_IRQHandler                               build/startup_stm32f446xx.o
CAN2_SCE_IRQHandler                               build/startup_stm32f446xx.o
CAN2_TX_IRQHandler                                build/startup_stm32f446xx.o
CEC_IRQHandler                                    build/startup_stm32f446xx.o
DCMI_IRQHandler                                   build/startup_stm32f446xx.o
DMA1_Stream0_IRQHandler                           build/startup_stm32f446xx.o
DMA1_Stream1_IRQHandler                           build/startup_stm32f446xx.o
DMA1_Stream2_IRQHandler                           build/startup_stm32f446xx.o
DMA1_Stream3_IRQHandler                           build/startup_stm32f446xx.o
DMA1_Stream4_IRQHandler                           build/startup_stm32f446xx.o
DMA1_Stream5_IRQHandler                           build/startup_stm32f446xx.o
DMA1_Stream6_IRQHandler                           build/startup_stm32f446xx.o
DMA1_Stream7_IRQHandler                           build/startup_stm32f446xx.o
DMA2_Stream0_IRQHandler                           build/startup_stm32f446xx.o
DMA2_Stream1_IRQHandler                           build/startup_stm32f446xx.o
DMA2_Stream2_IRQHandler                           build/startup_stm32f446xx.o
DMA2_Stream3_IRQHandler                           build/startup_stm32f446xx.o
DMA2_Stream4_IRQHandler                           build/startup_stm32f446xx.o
DMA2_Stream5_IRQHandler                           build/startup_stm32f446xx.o
DMA2_Stream6_IRQHandler                           build/startup_stm32f446xx.o
DMA2_Stream7_IRQHandler                           build/startup_stm32f446xx.o
DebugMon_Handler                                  build/stm32f4xx_it.o
Default_Handler                                   build/startup_stm32f446xx.o
EXTI0_IRQHandler                                  build/startup_stm32f446xx.o
EXTI15_10_IRQHandler                              build/startup_stm32f446xx.o
EXTI1_IRQHandler                                  build/startup_stm32f446xx.o
EXTI2_IRQHandler                                  build/startup_stm32f446xx.o
EXTI3_IRQHandler                                  build/startup_stm32f446xx.o
EXTI4_IRQHandler                                  build/startup_stm32f446xx.o
EXTI9_5_IRQHandler                                build/startup_stm32f446xx.o
Error_Handler                                     build/main.o
                                                  build/usart.o
                                                  build/can.o
FLASH_Erase_Sector                                build/stm32f4xx_hal_flash_ex.o
                                                  build/stm32f4xx_hal_flash.o
FLASH_FlushCaches                                 build/stm32f4xx_hal_flash_ex.o
                                                  build/stm32f4xx_hal_flash.o
FLASH_IRQHandler                                  build/startup_stm32f446xx.o
FLASH_WaitForLastOperation                        build/stm32f4xx_hal_flash.o
                                                  build/stm32f4xx_hal_flash_ex.o
FMC_IRQHandler                                    build/startup_stm32f446xx.o
FMPI2C1_ER_IRQHandler                             build/startup_stm32f446xx.o
FMPI2C1_EV_IRQHandler                             build/startup_stm32f446xx.o
FPU_IRQHandler                                    build/startup_stm32f446xx.o
HAL_CAN_AbortTxRequest                            build/stm32f4xx_hal_can.o
HAL_CAN_ActivateNotification                      build/stm32f4xx_hal_can.o
HAL_CAN_AddTxMessage                              build/stm32f4xx_hal_can.o
HAL_CAN_ConfigFilter                              build/stm32f4xx_hal_can.o
HAL_CAN_DeInit                                    build/stm32f4xx_hal_can.o
HAL_CAN_DeactivateNotification                    build/stm32f4xx_hal_can.o
HAL_CAN_ErrorCallback                             build/stm32f4xx_hal_can.o
HAL_CAN_GetError                                  build/stm32f4xx_hal_can.o
HAL_CAN_GetRxFifoFillLevel                        build/stm32f4xx_hal_can.o
HAL_CAN_GetRxMessage                              build/stm32f4xx_hal_can.o
HAL_CAN_GetState                                  build/stm32f4xx_hal_can.o
HAL_CAN_GetTxMailboxesFreeLevel                   build/stm32f4xx_hal_can.o
HAL_CAN_GetTxTimestamp                            build/stm32f4xx_hal_can.o
HAL_CAN_IRQHandler                                build/stm32f4xx_hal_can.o
                                                  build/stm32f4xx_it.o
HAL_CAN_Init                                      build/stm32f4xx_hal_can.o
                                                  build/can.o
HAL_CAN_IsSleepActive                             build/stm32f4xx_hal_can.o
HAL_CAN_IsTxMessagePending                        build/stm32f4xx_hal_can.o
HAL_CAN_MspDeInit                                 build/can.o
HAL_CAN_MspInit                                   build/can.o
HAL_CAN_RequestSleep                              build/stm32f4xx_hal_can.o
HAL_CAN_ResetError                                build/stm32f4xx_hal_can.o
HAL_CAN_RxFifo0FullCallback                       build/stm32f4xx_hal_can.o
HAL_CAN_RxFifo0MsgPendingCallback                 build/stm32f4xx_hal_can.o
HAL_CAN_RxFifo1FullCallback                       build/stm32f4xx_hal_can.o
HAL_CAN_RxFifo1MsgPendingCallback                 build/stm32f4xx_hal_can.o
HAL_CAN_SleepCallback                             build/stm32f4xx_hal_can.o
HAL_CAN_Start                                     build/stm32f4xx_hal_can.o
HAL_CAN_Stop                                      build/stm32f4xx_hal_can.o
HAL_CAN_TxMailbox0AbortCallback                   build/stm32f4xx_hal_can.o
HAL_CAN_TxMailbox0CompleteCallback                build/stm32f4xx_hal_can.o
HAL_CAN_TxMailbox1AbortCallback                   build/stm32f4xx_hal_can.o
HAL_CAN_TxMailbox1CompleteCallback                build/stm32f4xx_hal_can.o
HAL_CAN_TxMailbox2AbortCallback                   build/stm32f4xx_hal_can.o
HAL_CAN_TxMailbox2CompleteCallback                build/stm32f4xx_hal_can.o
HAL_CAN_WakeUp                                    build/stm32f4xx_hal_can.o
HAL_CAN_WakeUpFromRxMsgCallback                   build/stm32f4xx_hal_can.o
HAL_DBGMCU_DisableDBGSleepMode                    build/stm32f4xx_hal.o
HAL_DBGMCU_DisableDBGStandbyMode                  build/stm32f4xx_hal.o
HAL_DBGMCU_DisableDBGStopMode                     build/stm32f4xx_hal.o
HAL_DBGMCU_EnableDBGSleepMode                     build/stm32f4xx_hal.o
HAL_DBGMCU_EnableDBGStandbyMode                   build/stm32f4xx_hal.o
HAL_DBGMCU_EnableDBGStopMode                      build/stm32f4xx_hal.o
HAL_DMAEx_ChangeMemory                            build/stm32f4xx_hal_dma_ex.o
HAL_DMAEx_MultiBufferStart                        build/stm32f4xx_hal_dma_ex.o
HAL_DMAEx_MultiBufferStart_IT                     build/stm32f4xx_hal_dma_ex.o
HAL_DMA_Abort                                     build/stm32f4xx_hal_dma.o
                                                  build/stm32f4xx_hal_uart.o
HAL_DMA_Abort_IT                                  build/stm32f4xx_hal_dma.o
                                                  build/stm32f4xx_hal_uart.o
HAL_DMA_DeInit                                    build/stm32f4xx_hal_dma.o
HAL_DMA_GetError                                  build/stm32f4xx_hal_dma.o
                                                  build/stm32f4xx_hal_uart.o
HAL_DMA_GetState                                  build/stm32f4xx_hal_dma.o
HAL_DMA_IRQHandler                                build/stm32f4xx_hal_dma.o
HAL_DMA_Init                                      build/stm32f4xx_hal_dma.o
HAL_DMA_PollForTransfer                           build/stm32f4xx_hal_dma.o
HAL_DMA_RegisterCallback                          build/stm32f4xx_hal_dma.o
HAL_DMA_Start                                     build/stm32f4xx_hal_dma.o
HAL_DMA_Start_IT                                  build/stm32f4xx_hal_dma.o
                                                  build/stm32f4xx_hal_uart.o
HAL_DMA_UnRegisterCallback                        build/stm32f4xx_hal_dma.o
HAL_DeInit                                        build/stm32f4xx_hal.o
HAL_Delay                                         build/stm32f4xx_hal.o
HAL_DisableCompensationCell                       build/stm32f4xx_hal.o
HAL_EXTI_ClearConfigLine                          build/stm32f4xx_hal_exti.o
HAL_EXTI_ClearPending                             build/stm32f4xx_hal_exti.o
HAL_EXTI_GenerateSWI                              build/stm32f4xx_hal_exti.o
HAL_EXTI_GetConfigLine                            build/stm32f4xx_hal_exti.o
HAL_EXTI_GetHandle                                build/stm32f4xx_hal_exti.o
HAL_EXTI_GetPending                               build/stm32f4xx_hal_exti.o
HAL_EXTI_IRQHandler                               build/stm32f4xx_hal_exti.o
HAL_EXTI_RegisterCallback                         build/stm32f4xx_hal_exti.o
HAL_EXTI_SetConfigLine                            build/stm32f4xx_hal_exti.o
HAL_EnableCompensationCell                        build/stm32f4xx_hal.o
HAL_FLASHEx_AdvOBGetConfig                        build/stm32f4xx_hal_flash_ex.o
HAL_FLASHEx_AdvOBProgram                          build/stm32f4xx_hal_flash_ex.o
HAL_FLASHEx_DisableFlashSleepMode                 build/stm32f4xx_hal_flash_ramfunc.o
HAL_FLASHEx_EnableFlashSleepMode                  build/stm32f4xx_hal_flash_ramfunc.o
HAL_FLASHEx_Erase                                 build/stm32f4xx_hal_flash_ex.o
HAL_FLASHEx_Erase_IT                              build/stm32f4xx_hal_flash_ex.o
HAL_FLASHEx_OBGetConfig                           build/stm32f4xx_hal_flash_ex.o
HAL_FLASHEx_OBProgram                             build/stm32f4xx_hal_flash_ex.o
HAL_FLASHEx_OB_DeSelectPCROP                      build/stm32f4xx_hal_flash_ex.o
HAL_FLASHEx_OB_SelectPCROP                        build/stm32f4xx_hal_flash_ex.o
HAL_FLASHEx_StartFlashInterfaceClk                build/stm32f4xx_hal_flash_ramfunc.o
HAL_FLASHEx_StopFlashInterfaceClk                 build/stm32f4xx_hal_flash_ramfunc.o
HAL_FLASH_EndOfOperationCallback                  build/stm32f4xx_hal_flash.o
HAL_FLASH_GetError                                build/stm32f4xx_hal_flash.o
HAL_FLASH_IRQHandler                              build/stm32f4xx_hal_flash.o
HAL_FLASH_Lock                                    build/stm32f4xx_hal_flash.o
HAL_FLASH_OB_Launch                               build/stm32f4xx_hal_flash.o
HAL_FLASH_OB_Lock                                 build/stm32f4xx_hal_flash.o
HAL_FLASH_OB_Unlock                               build/stm32f4xx_hal_flash.o
HAL_FLASH_OperationErrorCallback                  build/stm32f4xx_hal_flash.o
HAL_FLASH_Program                                 build/stm32f4xx_hal_flash.o
HAL_FLASH_Program_IT                              build/stm32f4xx_hal_flash.o
HAL_FLASH_Unlock                                  build/stm32f4xx_hal_flash.o
HAL_GPIO_DeInit                                   build/stm32f4xx_hal_gpio.o
                                                  build/usart.o
                                                  build/can.o
HAL_GPIO_EXTI_Callback                            build/stm32f4xx_hal_gpio.o
HAL_GPIO_EXTI_IRQHandler                          build/stm32f4xx_hal_gpio.o
HAL_GPIO_Init                                     build/stm32f4xx_hal_gpio.o
                                                  build/stm32f4xx_hal_rcc.o
                                                  build/usart.o
                                                  build/gpio.o
                                                  build/can.o
HAL_GPIO_LockPin                                  build/stm32f4xx_hal_gpio.o
HAL_GPIO_ReadPin                                  build/stm32f4xx_hal_gpio.o
HAL_GPIO_TogglePin                                build/stm32f4xx_hal_gpio.o
HAL_GPIO_WritePin                                 build/stm32f4xx_hal_gpio.o
                                                  build/gpio.o
HAL_GetDEVID                                      build/stm32f4xx_hal.o
HAL_GetHalVersion                                 build/stm32f4xx_hal.o
HAL_GetREVID                                      build/stm32f4xx_hal.o
HAL_GetTick                                       build/stm32f4xx_hal.o
                                                  build/stm32f4xx_hal_uart.o
                                                  build/stm32f4xx_hal_rcc_ex.o
                                                  build/stm32f4xx_hal_rcc.o
                                                  build/stm32f4xx_hal_pwr_ex.o
                                                  build/stm32f4xx_hal_flash.o
                                                  build/stm32f4xx_hal_dma.o
                                                  build/stm32f4xx_hal_can.o
HAL_GetTickFreq                                   build/stm32f4xx_hal.o
HAL_GetTickPrio                                   build/stm32f4xx_hal.o
HAL_GetUIDw0                                      build/stm32f4xx_hal.o
HAL_GetUIDw1                                      build/stm32f4xx_hal.o
HAL_GetUIDw2                                      build/stm32f4xx_hal.o
HAL_HalfDuplex_EnableReceiver                     build/stm32f4xx_hal_uart.o
HAL_HalfDuplex_EnableTransmitter                  build/stm32f4xx_hal_uart.o
HAL_HalfDuplex_Init                               build/stm32f4xx_hal_uart.o
HAL_IncTick                                       build/stm32f4xx_hal.o
                                                  build/stm32f4xx_it.o
HAL_Init                                          build/stm32f4xx_hal.o
                                                  build/main.o
HAL_InitTick                                      build/stm32f4xx_hal.o
                                                  build/stm32f4xx_hal_rcc_ex.o
                                                  build/stm32f4xx_hal_rcc.o
HAL_LIN_Init                                      build/stm32f4xx_hal_uart.o
HAL_LIN_SendBreak                                 build/stm32f4xx_hal_uart.o
HAL_MPU_ConfigRegion                              build/stm32f4xx_hal_cortex.o
HAL_MPU_Disable                                   build/stm32f4xx_hal_cortex.o
HAL_MPU_Enable                                    build/stm32f4xx_hal_cortex.o
HAL_MspDeInit                                     build/stm32f4xx_hal.o
HAL_MspInit                                       build/stm32f4xx_hal_msp.o
HAL_MultiProcessor_EnterMuteMode                  build/stm32f4xx_hal_uart.o
HAL_MultiProcessor_ExitMuteMode                   build/stm32f4xx_hal_uart.o
HAL_MultiProcessor_Init                           build/stm32f4xx_hal_uart.o
HAL_NVIC_ClearPendingIRQ                          build/stm32f4xx_hal_cortex.o
HAL_NVIC_DisableIRQ                               build/stm32f4xx_hal_cortex.o
                                                  build/can.o
HAL_NVIC_EnableIRQ                                build/stm32f4xx_hal_cortex.o
                                                  build/can.o
HAL_NVIC_GetActive                                build/stm32f4xx_hal_cortex.o
HAL_NVIC_GetPendingIRQ                            build/stm32f4xx_hal_cortex.o
HAL_NVIC_GetPriority                              build/stm32f4xx_hal_cortex.o
HAL_NVIC_GetPriorityGrouping                      build/stm32f4xx_hal_cortex.o
HAL_NVIC_SetPendingIRQ                            build/stm32f4xx_hal_cortex.o
HAL_NVIC_SetPriority                              build/stm32f4xx_hal_cortex.o
                                                  build/stm32f4xx_hal.o
                                                  build/can.o
HAL_NVIC_SetPriorityGrouping                      build/stm32f4xx_hal_cortex.o
                                                  build/stm32f4xx_hal.o
                                                  build/stm32f4xx_hal_msp.o
HAL_NVIC_SystemReset                              build/stm32f4xx_hal_cortex.o
HAL_PWREx_ControlVoltageScaling                   build/stm32f4xx_hal_pwr_ex.o
HAL_PWREx_DisableBkUpReg                          build/stm32f4xx_hal_pwr_ex.o
HAL_PWREx_DisableFlashPowerDown                   build/stm32f4xx_hal_pwr_ex.o
HAL_PWREx_DisableOverDrive                        build/stm32f4xx_hal_pwr_ex.o
HAL_PWREx_EnableBkUpReg                           build/stm32f4xx_hal_pwr_ex.o
HAL_PWREx_EnableFlashPowerDown                    build/stm32f4xx_hal_pwr_ex.o
HAL_PWREx_EnableOverDrive                         build/stm32f4xx_hal_pwr_ex.o
HAL_PWREx_EnterUnderDriveSTOPMode                 build/stm32f4xx_hal_pwr_ex.o
HAL_PWREx_GetVoltageRange                         build/stm32f4xx_hal_pwr_ex.o
HAL_PWR_ConfigPVD                                 build/stm32f4xx_hal_pwr.o
HAL_PWR_DeInit                                    build/stm32f4xx_hal_pwr.o
HAL_PWR_DisableBkUpAccess                         build/stm32f4xx_hal_pwr.o
HAL_PWR_DisablePVD                                build/stm32f4xx_hal_pwr.o
HAL_PWR_DisableSEVOnPend                          build/stm32f4xx_hal_pwr.o
HAL_PWR_DisableSleepOnExit                        build/stm32f4xx_hal_pwr.o
HAL_PWR_DisableWakeUpPin                          build/stm32f4xx_hal_pwr.o
HAL_PWR_EnableBkUpAccess                          build/stm32f4xx_hal_pwr.o
HAL_PWR_EnablePVD                                 build/stm32f4xx_hal_pwr.o
HAL_PWR_EnableSEVOnPend                           build/stm32f4xx_hal_pwr.o
HAL_PWR_EnableSleepOnExit                         build/stm32f4xx_hal_pwr.o
HAL_PWR_EnableWakeUpPin                           build/stm32f4xx_hal_pwr.o
HAL_PWR_EnterSLEEPMode                            build/stm32f4xx_hal_pwr.o
HAL_PWR_EnterSTANDBYMode                          build/stm32f4xx_hal_pwr.o
HAL_PWR_EnterSTOPMode                             build/stm32f4xx_hal_pwr.o
HAL_PWR_PVDCallback                               build/stm32f4xx_hal_pwr.o
HAL_PWR_PVD_IRQHandler                            build/stm32f4xx_hal_pwr.o
HAL_RCCEx_DisablePLLI2S                           build/stm32f4xx_hal_rcc_ex.o
HAL_RCCEx_DisablePLLSAI                           build/stm32f4xx_hal_rcc_ex.o
HAL_RCCEx_EnablePLLI2S                            build/stm32f4xx_hal_rcc_ex.o
HAL_RCCEx_EnablePLLSAI                            build/stm32f4xx_hal_rcc_ex.o
HAL_RCCEx_GetPeriphCLKConfig                      build/stm32f4xx_hal_rcc_ex.o
HAL_RCCEx_GetPeriphCLKFreq                        build/stm32f4xx_hal_rcc_ex.o
HAL_RCCEx_PeriphCLKConfig                         build/stm32f4xx_hal_rcc_ex.o
HAL_RCCEx_SelectLSEMode                           build/stm32f4xx_hal_rcc_ex.o
HAL_RCC_CSSCallback                               build/stm32f4xx_hal_rcc.o
HAL_RCC_ClockConfig                               build/stm32f4xx_hal_rcc.o
                                                  build/main.o
HAL_RCC_DeInit                                    build/stm32f4xx_hal_rcc_ex.o
                                                  build/stm32f4xx_hal_rcc.o
HAL_RCC_DisableCSS                                build/stm32f4xx_hal_rcc.o
HAL_RCC_EnableCSS                                 build/stm32f4xx_hal_rcc.o
HAL_RCC_GetClockConfig                            build/stm32f4xx_hal_rcc.o
HAL_RCC_GetHCLKFreq                               build/stm32f4xx_hal_rcc.o
HAL_RCC_GetOscConfig                              build/stm32f4xx_hal_rcc_ex.o
                                                  build/stm32f4xx_hal_rcc.o
HAL_RCC_GetPCLK1Freq                              build/stm32f4xx_hal_rcc.o
                                                  build/stm32f4xx_hal_uart.o
HAL_RCC_GetPCLK2Freq                              build/stm32f4xx_hal_rcc.o
                                                  build/stm32f4xx_hal_uart.o
HAL_RCC_GetSysClockFreq                           build/stm32f4xx_hal_rcc_ex.o
                                                  build/stm32f4xx_hal_rcc.o
HAL_RCC_MCOConfig                                 build/stm32f4xx_hal_rcc.o
HAL_RCC_NMI_IRQHandler                            build/stm32f4xx_hal_rcc.o
HAL_RCC_OscConfig                                 build/stm32f4xx_hal_rcc_ex.o
                                                  build/stm32f4xx_hal_rcc.o
                                                  build/main.o
HAL_ResumeTick                                    build/stm32f4xx_hal.o
HAL_SYSTICK_CLKSourceConfig                       build/stm32f4xx_hal_cortex.o
HAL_SYSTICK_Callback                              build/stm32f4xx_hal_cortex.o
HAL_SYSTICK_Config                                build/stm32f4xx_hal_cortex.o
                                                  build/stm32f4xx_hal.o
HAL_SYSTICK_IRQHandler                            build/stm32f4xx_hal_cortex.o
HAL_SetTickFreq                                   build/stm32f4xx_hal.o
HAL_SuspendTick                                   build/stm32f4xx_hal.o
HAL_UARTEx_ReceiveToIdle                          build/stm32f4xx_hal_uart.o
HAL_UARTEx_ReceiveToIdle_DMA                      build/stm32f4xx_hal_uart.o
HAL_UARTEx_ReceiveToIdle_IT                       build/stm32f4xx_hal_uart.o
HAL_UARTEx_RxEventCallback                        build/stm32f4xx_hal_uart.o
HAL_UART_Abort                                    build/stm32f4xx_hal_uart.o
HAL_UART_AbortCpltCallback                        build/stm32f4xx_hal_uart.o
HAL_UART_AbortReceive                             build/stm32f4xx_hal_uart.o
HAL_UART_AbortReceiveCpltCallback                 build/stm32f4xx_hal_uart.o
HAL_UART_AbortReceive_IT                          build/stm32f4xx_hal_uart.o
HAL_UART_AbortTransmit                            build/stm32f4xx_hal_uart.o
HAL_UART_AbortTransmitCpltCallback                build/stm32f4xx_hal_uart.o
HAL_UART_AbortTransmit_IT                         build/stm32f4xx_hal_uart.o
HAL_UART_Abort_IT                                 build/stm32f4xx_hal_uart.o
HAL_UART_DMAPause                                 build/stm32f4xx_hal_uart.o
HAL_UART_DMAResume                                build/stm32f4xx_hal_uart.o
HAL_UART_DMAStop                                  build/stm32f4xx_hal_uart.o
HAL_UART_DeInit                                   build/stm32f4xx_hal_uart.o
HAL_UART_ErrorCallback                            build/stm32f4xx_hal_uart.o
HAL_UART_GetError                                 build/stm32f4xx_hal_uart.o
HAL_UART_GetState                                 build/stm32f4xx_hal_uart.o
HAL_UART_IRQHandler                               build/stm32f4xx_hal_uart.o
HAL_UART_Init                                     build/stm32f4xx_hal_uart.o
                                                  build/usart.o
HAL_UART_MspDeInit                                build/usart.o
HAL_UART_MspInit                                  build/usart.o
HAL_UART_Receive                                  build/stm32f4xx_hal_uart.o
HAL_UART_Receive_DMA                              build/stm32f4xx_hal_uart.o
HAL_UART_Receive_IT                               build/stm32f4xx_hal_uart.o
HAL_UART_RxCpltCallback                           build/stm32f4xx_hal_uart.o
HAL_UART_RxHalfCpltCallback                       build/stm32f4xx_hal_uart.o
HAL_UART_Transmit                                 build/stm32f4xx_hal_uart.o
HAL_UART_Transmit_DMA                             build/stm32f4xx_hal_uart.o
HAL_UART_Transmit_IT                              build/stm32f4xx_hal_uart.o
HAL_UART_TxCpltCallback                           build/stm32f4xx_hal_uart.o
HAL_UART_TxHalfCpltCallback                       build/stm32f4xx_hal_uart.o
HardFault_Handler                                 build/stm32f4xx_it.o
I2C1_ER_IRQHandler                                build/startup_stm32f446xx.o
I2C1_EV_IRQHandler                                build/startup_stm32f446xx.o
I2C2_ER_IRQHandler                                build/startup_stm32f446xx.o
I2C2_EV_IRQHandler                                build/startup_stm32f446xx.o
I2C3_ER_IRQHandler                                build/startup_stm32f446xx.o
I2C3_EV_IRQHandler                                build/startup_stm32f446xx.o
MX_CAN1_Init                                      build/can.o
                                                  build/main.o
MX_GPIO_Init                                      build/gpio.o
                                                  build/main.o
MX_USART2_UART_Init                               build/usart.o
                                                  build/main.o
MemManage_Handler                                 build/stm32f4xx_it.o
NMI_Handler                                       build/stm32f4xx_it.o
OTG_FS_IRQHandler                                 build/startup_stm32f446xx.o
OTG_FS_WKUP_IRQHandler                            build/startup_stm32f446xx.o
OTG_HS_EP1_IN_IRQHandler                          build/startup_stm32f446xx.o
OTG_HS_EP1_OUT_IRQHandler                         build/startup_stm32f446xx.o
OTG_HS_IRQHandler                                 build/startup_stm32f446xx.o
OTG_HS_WKUP_IRQHandler                            build/startup_stm32f446xx.o
PVD_IRQHandler                                    build/startup_stm32f446xx.o
PendSV_Handler                                    build/stm32f4xx_it.o
QUADSPI_IRQHandler                                build/startup_stm32f446xx.o
RCC_IRQHandler                                    build/startup_stm32f446xx.o
RTC_Alarm_IRQHandler                              build/startup_stm32f446xx.o
RTC_WKUP_IRQHandler                               build/startup_stm32f446xx.o
Reset_Handler                                     build/startup_stm32f446xx.o
SAI1_IRQHandler                                   build/startup_stm32f446xx.o
SAI2_IRQHandler                                   build/startup_stm32f446xx.o
SDIO_IRQHandler                                   build/startup_stm32f446xx.o
SPDIF_RX_IRQHandler                               build/startup_stm32f446xx.o
SPI1_IRQHandler                                   build/startup_stm32f446xx.o
SPI2_IRQHandler                                   build/startup_stm32f446xx.o
SPI3_IRQHandler                                   build/startup_stm32f446xx.o
SPI4_IRQHandler                                   build/startup_stm32f446xx.o
SVC_Handler                                       build/stm32f4xx_it.o
SysTick_Handler                                   build/stm32f4xx_it.o
SystemClock_Config                                build/main.o
SystemCoreClock                                   build/system_stm32f4xx.o
                                                  build/stm32f4xx_hal_rcc_ex.o
                                                  build/stm32f4xx_hal_rcc.o
                                                  build/stm32f4xx_hal_dma.o
                                                  build/stm32f4xx_hal.o
SystemCoreClockUpdate                             build/system_stm32f4xx.o
SystemInit                                        build/system_stm32f4xx.o
                                                  build/startup_stm32f446xx.o
TAMP_STAMP_IRQHandler                             build/startup_stm32f446xx.o
TIM1_BRK_TIM9_IRQHandler                          build/startup_stm32f446xx.o
TIM1_CC_IRQHandler                                build/startup_stm32f446xx.o
TIM1_TRG_COM_TIM11_IRQHandler                     build/startup_stm32f446xx.o
TIM1_UP_TIM10_IRQHandler                          build/startup_stm32f446xx.o
TIM2_IRQHandler                                   build/startup_stm32f446xx.o
TIM3_IRQHandler                                   build/startup_stm32f446xx.o
TIM4_IRQHandler                                   build/startup_stm32f446xx.o
TIM5_IRQHandler                                   build/startup_stm32f446xx.o
TIM6_DAC_IRQHandler                               build/startup_stm32f446xx.o
TIM7_IRQHandler                                   build/startup_stm32f446xx.o
TIM8_BRK_TIM12_IRQHandler                         build/startup_stm32f446xx.o
TIM8_CC_IRQHandler                                build/startup_stm32f446xx.o
TIM8_TRG_COM_TIM14_IRQHandler                     build/startup_stm32f446xx.o
TIM8_UP_TIM13_IRQHandler                          build/startup_stm32f446xx.o
UART4_IRQHandler                                  build/startup_stm32f446xx.o
UART5_IRQHandler                                  build/startup_stm32f446xx.o
UART_Start_Receive_DMA                            build/stm32f4xx_hal_uart.o
UART_Start_Receive_IT                             build/stm32f4xx_hal_uart.o
USART1_IRQHandler                                 build/startup_stm32f446xx.o
USART2_IRQHandler                                 build/startup_stm32f446xx.o
USART3_IRQHandler                                 build/startup_stm32f446xx.o
USART6_IRQHandler                                 build/startup_stm32f446xx.o
UsageFault_Handler                                build/stm32f4xx_it.o
WWDG_IRQHandler                                   build/startup_stm32f446xx.o
__aeabi_idiv0                                     /usr/lib/gcc/arm-none-eabi/11.1.0/thumb/v7e-m+fp/hard/libgcc.a(_dvmd_tls.o)
__aeabi_ldiv0                                     /usr/lib/gcc/arm-none-eabi/11.1.0/thumb/v7e-m+fp/hard/libgcc.a(_dvmd_tls.o)
                                                  /usr/lib/gcc/arm-none-eabi/11.1.0/thumb/v7e-m+fp/hard/libgcc.a(_aeabi_uldivmod.o)
__aeabi_uldivmod                                  /usr/lib/gcc/arm-none-eabi/11.1.0/thumb/v7e-m+fp/hard/libgcc.a(_aeabi_uldivmod.o)
                                                  build/stm32f4xx_hal_uart.o
                                                  build/stm32f4xx_hal_rcc_ex.o
                                                  build/stm32f4xx_hal_rcc.o
__atexit_recursive_mutex                          /usr/lib/gcc/arm-none-eabi/11.1.0/../../../../arm-none-eabi/lib/thumb/v7e-m+fp/hard/libc.a(lib_a-__call_atexit.o)
                                                  /usr/lib/gcc/arm-none-eabi/11.1.0/../../../../arm-none-eabi/lib/thumb/v7e-m+fp/hard/libc.a(lib_a-__atexit.o)
__bss_end__                                       /usr/lib/gcc/arm-none-eabi/11.1.0/../../../../arm-none-eabi/lib/thumb/v7e-m+fp/hard/crt0.o
__bss_start__                                     /usr/lib/gcc/arm-none-eabi/11.1.0/../../../../arm-none-eabi/lib/thumb/v7e-m+fp/hard/crt0.o
__call_exitprocs                                  /usr/lib/gcc/arm-none-eabi/11.1.0/../../../../arm-none-eabi/lib/thumb/v7e-m+fp/hard/libc.a(lib_a-__call_atexit.o)
                                                  /usr/lib/gcc/arm-none-eabi/11.1.0/../../../../arm-none-eabi/lib/thumb/v7e-m+fp/hard/libc.a(lib_a-exit.o)
__deregister_frame_info                           /usr/lib/gcc/arm-none-eabi/11.1.0/thumb/v7e-m+fp/hard/crtbegin.o
__dso_handle                                      /usr/lib/gcc/arm-none-eabi/11.1.0/thumb/v7e-m+fp/hard/crtbegin.o
__fini_array_end                                  /usr/lib/gcc/arm-none-eabi/11.1.0/../../../../arm-none-eabi/lib/thumb/v7e-m+fp/hard/libc.a(lib_a-fini.o)
__fini_array_start                                /usr/lib/gcc/arm-none-eabi/11.1.0/../../../../arm-none-eabi/lib/thumb/v7e-m+fp/hard/libc.a(lib_a-fini.o)
__init_array_end                                  /usr/lib/gcc/arm-none-eabi/11.1.0/../../../../arm-none-eabi/lib/thumb/v7e-m+fp/hard/libc.a(lib_a-init.o)
__init_array_start                                /usr/lib/gcc/arm-none-eabi/11.1.0/../../../../arm-none-eabi/lib/thumb/v7e-m+fp/hard/libc.a(lib_a-init.o)
__libc_fini                                       /usr/lib/gcc/arm-none-eabi/11.1.0/../../../../arm-none-eabi/lib/thumb/v7e-m+fp/hard/libc.a(lib_a-__call_atexit.o)
__libc_fini_array                                 /usr/lib/gcc/arm-none-eabi/11.1.0/../../../../arm-none-eabi/lib/thumb/v7e-m+fp/hard/libc.a(lib_a-fini.o)
                                                  /usr/lib/gcc/arm-none-eabi/11.1.0/../../../../arm-none-eabi/lib/thumb/v7e-m+fp/hard/libc.a(lib_a-__call_atexit.o)
                                                  /usr/lib/gcc/arm-none-eabi/11.1.0/../../../../arm-none-eabi/lib/thumb/v7e-m+fp/hard/crt0.o
__libc_init_array                                 /usr/lib/gcc/arm-none-eabi/11.1.0/../../../../arm-none-eabi/lib/thumb/v7e-m+fp/hard/libc.a(lib_a-init.o)
                                                  build/startup_stm32f446xx.o
                                                  /usr/lib/gcc/arm-none-eabi/11.1.0/../../../../arm-none-eabi/lib/thumb/v7e-m+fp/hard/crt0.o
__lock___arc4random_mutex                         /usr/lib/gcc/arm-none-eabi/11.1.0/../../../../arm-none-eabi/lib/thumb/v7e-m+fp/hard/libc.a(lib_a-lock.o)
__lock___at_quick_exit_mutex                      /usr/lib/gcc/arm-none-eabi/11.1.0/../../../../arm-none-eabi/lib/thumb/v7e-m+fp/hard/libc.a(lib_a-lock.o)
__lock___atexit_recursive_mutex                   /usr/lib/gcc/arm-none-eabi/11.1.0/../../../../arm-none-eabi/lib/thumb/v7e-m+fp/hard/libc.a(lib_a-lock.o)
                                                  /usr/lib/gcc/arm-none-eabi/11.1.0/../../../../arm-none-eabi/lib/thumb/v7e-m+fp/hard/libc.a(lib_a-__call_atexit.o)
__lock___dd_hash_mutex                            /usr/lib/gcc/arm-none-eabi/11.1.0/../../../../arm-none-eabi/lib/thumb/v7e-m+fp/hard/libc.a(lib_a-lock.o)
__lock___env_recursive_mutex                      /usr/lib/gcc/arm-none-eabi/11.1.0/../../../../arm-none-eabi/lib/thumb/v7e-m+fp/hard/libc.a(lib_a-lock.o)
__lock___malloc_recursive_mutex                   /usr/lib/gcc/arm-none-eabi/11.1.0/../../../../arm-none-eabi/lib/thumb/v7e-m+fp/hard/libc.a(lib_a-lock.o)
__lock___sfp_recursive_mutex                      /usr/lib/gcc/arm-none-eabi/11.1.0/../../../../arm-none-eabi/lib/thumb/v7e-m+fp/hard/libc.a(lib_a-lock.o)
__lock___sinit_recursive_mutex                    /usr/lib/gcc/arm-none-eabi/11.1.0/../../../../arm-none-eabi/lib/thumb/v7e-m+fp/hard/libc.a(lib_a-lock.o)
__lock___tz_mutex                                 /usr/lib/gcc/arm-none-eabi/11.1.0/../../../../arm-none-eabi/lib/thumb/v7e-m+fp/hard/libc.a(lib_a-lock.o)
__preinit_array_end                               /usr/lib/gcc/arm-none-eabi/11.1.0/../../../../arm-none-eabi/lib/thumb/v7e-m+fp/hard/libc.a(lib_a-init.o)
__preinit_array_start                             /usr/lib/gcc/arm-none-eabi/11.1.0/../../../../arm-none-eabi/lib/thumb/v7e-m+fp/hard/libc.a(lib_a-init.o)
__register_exitproc                               /usr/lib/gcc/arm-none-eabi/11.1.0/../../../../arm-none-eabi/lib/thumb/v7e-m+fp/hard/libc.a(lib_a-__atexit.o)
                                                  /usr/lib/gcc/arm-none-eabi/11.1.0/../../../../arm-none-eabi/lib/thumb/v7e-m+fp/hard/libc.a(lib_a-atexit.o)
__register_frame_info                             /usr/lib/gcc/arm-none-eabi/11.1.0/thumb/v7e-m+fp/hard/crtbegin.o
__retarget_lock_acquire                           /usr/lib/gcc/arm-none-eabi/11.1.0/../../../../arm-none-eabi/lib/thumb/v7e-m+fp/hard/libc.a(lib_a-lock.o)
__retarget_lock_acquire_recursive                 /usr/lib/gcc/arm-none-eabi/11.1.0/../../../../arm-none-eabi/lib/thumb/v7e-m+fp/hard/libc.a(lib_a-lock.o)
                                                  /usr/lib/gcc/arm-none-eabi/11.1.0/../../../../arm-none-eabi/lib/thumb/v7e-m+fp/hard/libc.a(lib_a-__call_atexit.o)
                                                  /usr/lib/gcc/arm-none-eabi/11.1.0/../../../../arm-none-eabi/lib/thumb/v7e-m+fp/hard/libc.a(lib_a-__atexit.o)
__retarget_lock_close                             /usr/lib/gcc/arm-none-eabi/11.1.0/../../../../arm-none-eabi/lib/thumb/v7e-m+fp/hard/libc.a(lib_a-lock.o)
__retarget_lock_close_recursive                   /usr/lib/gcc/arm-none-eabi/11.1.0/../../../../arm-none-eabi/lib/thumb/v7e-m+fp/hard/libc.a(lib_a-lock.o)
__retarget_lock_init                              /usr/lib/gcc/arm-none-eabi/11.1.0/../../../../arm-none-eabi/lib/thumb/v7e-m+fp/hard/libc.a(lib_a-lock.o)
__retarget_lock_init_recursive                    /usr/lib/gcc/arm-none-eabi/11.1.0/../../../../arm-none-eabi/lib/thumb/v7e-m+fp/hard/libc.a(lib_a-lock.o)
__retarget_lock_release                           /usr/lib/gcc/arm-none-eabi/11.1.0/../../../../arm-none-eabi/lib/thumb/v7e-m+fp/hard/libc.a(lib_a-lock.o)
__retarget_lock_release_recursive                 /usr/lib/gcc/arm-none-eabi/11.1.0/../../../../arm-none-eabi/lib/thumb/v7e-m+fp/hard/libc.a(lib_a-lock.o)
                                                  /usr/lib/gcc/arm-none-eabi/11.1.0/../../../../arm-none-eabi/lib/thumb/v7e-m+fp/hard/libc.a(lib_a-__call_atexit.o)
                                                  /usr/lib/gcc/arm-none-eabi/11.1.0/../../../../arm-none-eabi/lib/thumb/v7e-m+fp/hard/libc.a(lib_a-__atexit.o)
__retarget_lock_try_acquire                       /usr/lib/gcc/arm-none-eabi/11.1.0/../../../../arm-none-eabi/lib/thumb/v7e-m+fp/hard/libc.a(lib_a-lock.o)
__retarget_lock_try_acquire_recursive             /usr/lib/gcc/arm-none-eabi/11.1.0/../../../../arm-none-eabi/lib/thumb/v7e-m+fp/hard/libc.a(lib_a-lock.o)
__stack                                           /usr/lib/gcc/arm-none-eabi/11.1.0/../../../../arm-none-eabi/lib/thumb/v7e-m+fp/hard/crt0.o
__udivmoddi4                                      /usr/lib/gcc/arm-none-eabi/11.1.0/thumb/v7e-m+fp/hard/libgcc.a(_udivmoddi4.o)
                                                  /usr/lib/gcc/arm-none-eabi/11.1.0/thumb/v7e-m+fp/hard/libgcc.a(_aeabi_uldivmod.o)
_ebss                                             build/startup_stm32f446xx.o
_edata                                            build/startup_stm32f446xx.o
_estack                                           build/startup_stm32f446xx.o
_exit                                             /usr/lib/gcc/arm-none-eabi/11.1.0/../../../../arm-none-eabi/lib/thumb/v7e-m+fp/hard/libnosys.a(_exit.o)
                                                  /usr/lib/gcc/arm-none-eabi/11.1.0/../../../../arm-none-eabi/lib/thumb/v7e-m+fp/hard/libc.a(lib_a-exit.o)
_fini                                             /usr/lib/gcc/arm-none-eabi/11.1.0/thumb/v7e-m+fp/hard/crti.o
                                                  /usr/lib/gcc/arm-none-eabi/11.1.0/../../../../arm-none-eabi/lib/thumb/v7e-m+fp/hard/libc.a(lib_a-fini.o)
_global_impure_ptr                                /usr/lib/gcc/arm-none-eabi/11.1.0/../../../../arm-none-eabi/lib/thumb/v7e-m+fp/hard/libc.a(lib_a-impure.o)
                                                  /usr/lib/gcc/arm-none-eabi/11.1.0/../../../../arm-none-eabi/lib/thumb/v7e-m+fp/hard/libc.a(lib_a-__call_atexit.o)
                                                  /usr/lib/gcc/arm-none-eabi/11.1.0/../../../../arm-none-eabi/lib/thumb/v7e-m+fp/hard/libc.a(lib_a-__atexit.o)
                                                  /usr/lib/gcc/arm-none-eabi/11.1.0/../../../../arm-none-eabi/lib/thumb/v7e-m+fp/hard/libc.a(lib_a-exit.o)
_impure_ptr                                       /usr/lib/gcc/arm-none-eabi/11.1.0/../../../../arm-none-eabi/lib/thumb/v7e-m+fp/hard/libc.a(lib_a-impure.o)
_init                                             /usr/lib/gcc/arm-none-eabi/11.1.0/thumb/v7e-m+fp/hard/crti.o
                                                  /usr/lib/gcc/arm-none-eabi/11.1.0/../../../../arm-none-eabi/lib/thumb/v7e-m+fp/hard/libc.a(lib_a-init.o)
_mainCRTStartup                                   /usr/lib/gcc/arm-none-eabi/11.1.0/../../../../arm-none-eabi/lib/thumb/v7e-m+fp/hard/crt0.o
_sbss                                             build/startup_stm32f446xx.o
_sdata                                            build/startup_stm32f446xx.o
_sidata                                           build/startup_stm32f446xx.o
_stack_init                                       /usr/lib/gcc/arm-none-eabi/11.1.0/../../../../arm-none-eabi/lib/thumb/v7e-m+fp/hard/crt0.o
_start                                            /usr/lib/gcc/arm-none-eabi/11.1.0/../../../../arm-none-eabi/lib/thumb/v7e-m+fp/hard/crt0.o
atexit                                            /usr/lib/gcc/arm-none-eabi/11.1.0/../../../../arm-none-eabi/lib/thumb/v7e-m+fp/hard/libc.a(lib_a-atexit.o)
                                                  /usr/lib/gcc/arm-none-eabi/11.1.0/../../../../arm-none-eabi/lib/thumb/v7e-m+fp/hard/libc.a(lib_a-__call_atexit.o)
                                                  /usr/lib/gcc/arm-none-eabi/11.1.0/../../../../arm-none-eabi/lib/thumb/v7e-m+fp/hard/crt0.o
exit                                              /usr/lib/gcc/arm-none-eabi/11.1.0/../../../../arm-none-eabi/lib/thumb/v7e-m+fp/hard/libc.a(lib_a-exit.o)
                                                  /usr/lib/gcc/arm-none-eabi/11.1.0/../../../../arm-none-eabi/lib/thumb/v7e-m+fp/hard/crt0.o
g_pfnVectors                                      build/startup_stm32f446xx.o
hardware_init_hook                                /usr/lib/gcc/arm-none-eabi/11.1.0/../../../../arm-none-eabi/lib/thumb/v7e-m+fp/hard/crt0.o
hcan1                                             build/can.o
                                                  build/stm32f4xx_it.o
huart2                                            build/usart.o
main                                              build/main.o
                                                  build/startup_stm32f446xx.o
                                                  /usr/lib/gcc/arm-none-eabi/11.1.0/../../../../arm-none-eabi/lib/thumb/v7e-m+fp/hard/crt0.o
memset                                            /usr/lib/gcc/arm-none-eabi/11.1.0/../../../../arm-none-eabi/lib/thumb/v7e-m+fp/hard/libc.a(lib_a-memset.o)
                                                  build/main.o
                                                  /usr/lib/gcc/arm-none-eabi/11.1.0/../../../../arm-none-eabi/lib/thumb/v7e-m+fp/hard/crt0.o
pFlash                                            build/stm32f4xx_hal_flash.o
                                                  build/stm32f4xx_hal_flash_ex.o
software_init_hook                                /usr/lib/gcc/arm-none-eabi/11.1.0/../../../../arm-none-eabi/lib/thumb/v7e-m+fp/hard/crt0.o
uwTick                                            build/stm32f4xx_hal.o
uwTickFreq                                        build/stm32f4xx_hal.o
uwTickPrio                                        build/stm32f4xx_hal.o
                                                  build/stm32f4xx_hal_rcc_ex.o
                                                  build/stm32f4xx_hal_rcc.o
